[2026-09-15 20:55:36] queue waiter PID=2883953 waiting for SAGE run_bc_tail_auto.py PID=2306355
[2026-09-15 20:55:36] launch will be: /home/disk1/xiaoyanwang/anaconda3/envs/py39/bin/python -u scripts/run_bc_repair.py --gpus 0
[2026-09-15 20:55:36] waiting: PID 2306355 still alive
[2026-09-15 20:56:36] waiting: PID 2306355 still alive
[2026-09-15 20:57:36] waiting: PID 2306355 still alive
[2026-09-15 20:58:36] waiting: PID 2306355 still alive
[2026-09-15 20:59:36] waiting: PID 2306355 still alive
[2026-09-15 21:00:36] waiting: PID 2306355 still alive
[2026-09-15 21:01:36] waiting: PID 2306355 still alive
[2026-09-15 21:02:36] waiting: PID 2306355 still alive
[2026-09-15 21:03:36] waiting: PID 2306355 still alive
[2026-09-15 21:04:36] waiting: PID 2306355 still alive
[2026-09-15 21:05:36] waiting: PID 2306355 still alive
[2026-09-15 21:06:36] waiting: PID 2306355 still alive
[2026-09-15 21:07:36] waiting: PID 2306355 still alive
[2026-09-15 21:08:36] waiting: PID 2306355 still alive
[2026-09-15 21:09:36] waiting: PID 2306355 still alive
[2026-09-15 21:10:36] waiting: PID 2306355 still alive
[2026-09-15 21:11:36] waiting: PID 2306355 still alive
[2026-09-15 21:12:36] waiting: PID 2306355 still alive
[2026-09-15 21:13:36] waiting: PID 2306355 still alive
[2026-09-15 21:14:36] waiting: PID 2306355 still alive
[2026-09-15 21:15:36] waiting: PID 2306355 still alive
[2026-09-15 21:16:36] waiting: PID 2306355 still alive
[2026-09-15 21:17:36] waiting: PID 2306355 still alive
[2026-09-15 21:18:36] waiting: PID 2306355 still alive
[2026-09-15 21:19:36] waiting: PID 2306355 still alive
[2026-09-15 21:20:36] waiting: PID 2306355 still alive
[2026-09-15 21:21:36] waiting: PID 2306355 still alive
[2026-09-15 21:22:36] waiting: PID 2306355 still alive
[2026-09-15 21:23:36] waiting: PID 2306355 still alive
[2026-09-15 21:24:36] waiting: PID 2306355 still alive
[2026-09-15 21:25:36] waiting: PID 2306355 still alive
[2026-09-15 21:26:36] waiting: PID 2306355 still alive
[2026-09-15 21:27:36] waiting: PID 2306355 still alive
[2026-09-15 21:28:36] waiting: PID 2306355 still alive
[2026-09-15 21:29:36] waiting: PID 2306355 still alive
[2026-09-15 21:30:36] waiting: PID 2306355 still alive
[2026-09-15 21:31:36] waiting: PID 2306355 still alive
[2026-09-15 21:32:36] waiting: PID 2306355 still alive
[2026-09-15 21:33:36] waiting: PID 2306355 still alive
[2026-09-15 21:34:36] waiting: PID 2306355 still alive
[2026-09-15 21:35:36] waiting: PID 2306355 still alive
[2026-09-15 21:36:36] waiting: PID 2306355 still alive
[2026-09-15 21:37:36] waiting: PID 2306355 still alive
[2026-09-15 21:38:36] waiting: PID 2306355 still alive
[2026-09-15 21:39:36] waiting: PID 2306355 still alive
[2026-09-15 21:40:36] waiting: PID 2306355 still alive
[2026-09-15 21:41:36] waiting: PID 2306355 still alive
[2026-09-15 21:42:36] waiting: PID 2306355 still alive
[2026-09-15 21:43:36] waiting: PID 2306355 still alive
[2026-09-15 21:44:36] waiting: PID 2306355 still alive
[2026-09-15 21:45:36] waiting: PID 2306355 still alive
[2026-09-15 21:46:36] waiting: PID 2306355 still alive
[2026-09-15 21:47:36] waiting: PID 2306355 still alive
[2026-09-15 21:48:36] waiting: PID 2306355 still alive
[2026-09-15 21:49:36] waiting: PID 2306355 still alive
[2026-09-15 21:50:36] waiting: PID 2306355 still alive
[2026-09-15 21:51:36] waiting: PID 2306355 still alive
[2026-09-15 21:52:36] waiting: PID 2306355 still alive
[2026-09-15 21:53:36] waiting: PID 2306355 still alive
[2026-09-15 21:54:36] waiting: PID 2306355 still alive
[2026-09-15 21:55:36] waiting: PID 2306355 still alive
[2026-09-15 21:56:36] waiting: PID 2306355 still alive
[2026-09-15 21:57:36] waiting: PID 2306355 still alive
[2026-09-15 21:58:36] waiting: PID 2306355 still alive
[2026-09-15 21:59:36] waiting: PID 2306355 still alive
[2026-09-15 22:00:36] waiting: PID 2306355 still alive
[2026-09-15 22:01:36] waiting: PID 2306355 still alive
[2026-09-15 22:02:36] waiting: PID 2306355 still alive
[2026-09-15 22:03:36] waiting: PID 2306355 still alive
[2026-09-15 22:04:36] waiting: PID 2306355 still alive
[2026-09-15 22:05:36] waiting: PID 2306355 still alive
[2026-09-15 22:06:36] waiting: PID 2306355 still alive
[2026-09-15 22:07:36] waiting: PID 2306355 still alive
[2026-09-15 22:08:36] waiting: PID 2306355 still alive
[2026-09-15 22:09:36] waiting: PID 2306355 still alive
[2026-09-15 22:10:36] waiting: PID 2306355 still alive
[2026-09-15 22:11:36] waiting: PID 2306355 still alive
[2026-09-15 22:12:36] waiting: PID 2306355 still alive
[2026-09-15 22:13:36] waiting: PID 2306355 still alive
[2026-09-15 22:14:36] waiting: PID 2306355 still alive
[2026-09-15 22:15:36] waiting: PID 2306355 still alive
[2026-09-15 22:16:36] waiting: PID 2306355 still alive
[2026-09-15 22:17:36] waiting: PID 2306355 still alive
[2026-09-15 22:18:36] waiting: PID 2306355 still alive
[2026-09-15 22:19:36] waiting: PID 2306355 still alive
[2026-09-15 22:20:36] waiting: PID 2306355 still alive
[2026-09-15 22:21:36] waiting: PID 2306355 still alive
[2026-09-15 22:22:36] waiting: PID 2306355 still alive
[2026-09-15 22:23:36] waiting: PID 2306355 still alive
[2026-09-15 22:24:36] waiting: PID 2306355 still alive
[2026-09-15 22:25:36] waiting: PID 2306355 still alive
[2026-09-15 22:26:36] waiting: PID 2306355 still alive
[2026-09-15 22:27:36] waiting: PID 2306355 still alive
[2026-09-15 22:28:36] waiting: PID 2306355 still alive
[2026-09-15 22:29:36] waiting: PID 2306355 still alive
[2026-09-15 22:30:37] waiting: PID 2306355 still alive
[2026-09-15 22:31:37] waiting: PID 2306355 still alive
[2026-09-15 22:32:37] waiting: PID 2306355 still alive
[2026-09-15 22:33:37] waiting: PID 2306355 still alive
[2026-09-15 22:34:37] waiting: PID 2306355 still alive
[2026-09-15 22:35:37] waiting: PID 2306355 still alive
[2026-09-15 22:36:37] waiting: PID 2306355 still alive
[2026-09-15 22:37:37] waiting: PID 2306355 still alive
[2026-09-15 22:38:37] waiting: PID 2306355 still alive
[2026-09-15 22:39:37] waiting: PID 2306355 still alive
[2026-09-15 22:40:37] waiting: PID 2306355 still alive
[2026-09-15 22:41:37] waiting: PID 2306355 still alive
[2026-09-15 22:42:37] waiting: PID 2306355 still alive
[2026-09-15 22:43:37] waiting: PID 2306355 still alive
[2026-09-15 22:44:37] waiting: PID 2306355 still alive
[2026-09-15 22:45:37] waiting: PID 2306355 still alive
[2026-09-15 22:46:37] waiting: PID 2306355 still alive
[2026-09-15 22:47:37] waiting: PID 2306355 still alive
[2026-09-15 22:48:37] waiting: PID 2306355 still alive
[2026-09-15 22:49:37] waiting: PID 2306355 still alive
[2026-09-15 22:50:37] waiting: PID 2306355 still alive
[2026-09-15 22:51:37] waiting: PID 2306355 still alive
[2026-09-15 22:52:37] waiting: PID 2306355 still alive
[2026-09-15 22:53:37] waiting: PID 2306355 still alive
[2026-09-15 22:54:37] waiting: PID 2306355 still alive
[2026-09-15 22:55:37] waiting: PID 2306355 still alive
[2026-09-15 22:56:37] waiting: PID 2306355 still alive
[2026-09-15 22:57:37] waiting: PID 2306355 still alive
[2026-09-15 22:58:37] waiting: PID 2306355 still alive
[2026-09-15 22:59:37] waiting: PID 2306355 still alive
[2026-09-15 23:00:37] waiting: PID 2306355 still alive
[2026-09-15 23:01:37] waiting: PID 2306355 still alive
[2026-09-15 23:02:37] waiting: PID 2306355 still alive
[2026-09-15 23:03:37] waiting: PID 2306355 still alive
[2026-09-15 23:04:37] waiting: PID 2306355 still alive
[2026-09-15 23:05:37] waiting: PID 2306355 still alive
[2026-09-15 23:06:37] waiting: PID 2306355 still alive
[2026-09-15 23:07:37] waiting: PID 2306355 still alive
[2026-09-15 23:08:37] waiting: PID 2306355 still alive
[2026-09-15 23:09:37] waiting: PID 2306355 still alive
[2026-09-15 23:10:37] waiting: PID 2306355 still alive
[2026-09-15 23:11:37] waiting: PID 2306355 still alive
[2026-09-15 23:12:37] waiting: PID 2306355 still alive
[2026-09-15 23:13:37] waiting: PID 2306355 still alive
[2026-09-15 23:14:37] waiting: PID 2306355 still alive
[2026-09-15 23:15:37] waiting: PID 2306355 still alive
[2026-09-15 23:16:37] waiting: PID 2306355 still alive
[2026-09-15 23:17:37] waiting: PID 2306355 still alive
[2026-09-15 23:18:37] waiting: PID 2306355 still alive
[2026-09-15 23:19:37] waiting: PID 2306355 still alive
[2026-09-15 23:20:37] waiting: PID 2306355 still alive
[2026-09-15 23:21:37] waiting: PID 2306355 still alive
[2026-09-15 23:22:37] waiting: PID 2306355 still alive
[2026-09-15 23:23:37] waiting: PID 2306355 still alive
[2026-09-15 23:24:37] waiting: PID 2306355 still alive
[2026-09-15 23:25:37] waiting: PID 2306355 still alive
[2026-09-15 23:26:37] waiting: PID 2306355 still alive
[2026-09-15 23:27:37] waiting: PID 2306355 still alive
[2026-09-15 23:28:37] waiting: PID 2306355 still alive
[2026-09-15 23:29:37] waiting: PID 2306355 still alive
[2026-09-15 23:30:37] waiting: PID 2306355 still alive
[2026-09-15 23:31:37] waiting: PID 2306355 still alive
[2026-09-15 23:32:37] waiting: PID 2306355 still alive
[2026-09-15 23:33:37] waiting: PID 2306355 still alive
[2026-09-15 23:34:37] waiting: PID 2306355 still alive
[2026-09-15 23:35:37] waiting: PID 2306355 still alive
[2026-09-15 23:36:37] waiting: PID 2306355 still alive
[2026-09-15 23:37:37] waiting: PID 2306355 still alive
[2026-09-15 23:38:37] waiting: PID 2306355 still alive
[2026-09-15 23:39:37] waiting: PID 2306355 still alive
[2026-09-15 23:40:37] waiting: PID 2306355 still alive
[2026-09-15 23:41:37] waiting: PID 2306355 still alive
[2026-09-15 23:42:37] waiting: PID 2306355 still alive
[2026-09-15 23:43:37] waiting: PID 2306355 still alive
[2026-09-15 23:44:37] waiting: PID 2306355 still alive
[2026-09-15 23:45:37] waiting: PID 2306355 still alive
[2026-09-15 23:46:37] waiting: PID 2306355 still alive
[2026-09-15 23:47:37] waiting: PID 2306355 still alive
[2026-09-15 23:48:37] waiting: PID 2306355 still alive
[2026-09-15 23:49:37] waiting: PID 2306355 still alive
[2026-09-15 23:50:37] waiting: PID 2306355 still alive
[2026-09-15 23:51:37] waiting: PID 2306355 still alive
[2026-09-15 23:52:37] waiting: PID 2306355 still alive
[2026-09-15 23:53:37] waiting: PID 2306355 still alive
[2026-09-15 23:54:37] waiting: PID 2306355 still alive
[2026-09-15 23:55:37] waiting: PID 2306355 still alive
[2026-09-15 23:56:37] waiting: PID 2306355 still alive
[2026-09-15 23:57:37] waiting: PID 2306355 still alive
[2026-09-15 23:58:37] waiting: PID 2306355 still alive
[2026-09-15 23:59:37] waiting: PID 2306355 still alive
[2026-09-16 00:00:37] waiting: PID 2306355 still alive
[2026-09-16 00:01:37] waiting: PID 2306355 still alive
[2026-09-16 00:02:37] waiting: PID 2306355 still alive
[2026-09-16 00:03:37] waiting: PID 2306355 still alive
[2026-09-16 00:04:37] waiting: PID 2306355 still alive
[2026-09-16 00:05:37] waiting: PID 2306355 still alive
[2026-09-16 00:06:37] waiting: PID 2306355 still alive
[2026-09-16 00:07:37] waiting: PID 2306355 still alive
[2026-09-16 00:08:37] waiting: PID 2306355 still alive
[2026-09-16 00:09:37] waiting: PID 2306355 still alive
[2026-09-16 00:10:37] waiting: PID 2306355 still alive
[2026-09-16 00:11:37] waiting: PID 2306355 still alive
[2026-09-16 00:12:37] waiting: PID 2306355 still alive
[2026-09-16 00:13:37] waiting: PID 2306355 still alive
[2026-09-16 00:14:37] waiting: PID 2306355 still alive
[2026-09-16 00:15:37] waiting: PID 2306355 still alive
[2026-09-16 00:16:37] waiting: PID 2306355 still alive
[2026-09-16 00:17:37] waiting: PID 2306355 still alive
[2026-09-16 00:18:37] waiting: PID 2306355 still alive
[2026-09-16 00:19:37] waiting: PID 2306355 still alive
[2026-09-16 00:20:37] waiting: PID 2306355 still alive
[2026-09-16 00:21:37] waiting: PID 2306355 still alive
[2026-09-16 00:22:37] waiting: PID 2306355 still alive
[2026-09-16 00:23:37] waiting: PID 2306355 still alive
[2026-09-16 00:24:37] waiting: PID 2306355 still alive
[2026-09-16 00:25:37] waiting: PID 2306355 still alive
[2026-09-16 00:26:37] waiting: PID 2306355 still alive
[2026-09-16 00:27:37] waiting: PID 2306355 still alive
[2026-09-16 00:28:37] waiting: PID 2306355 still alive
[2026-09-16 00:29:37] waiting: PID 2306355 still alive
[2026-09-16 00:30:37] waiting: PID 2306355 still alive
[2026-09-16 00:31:37] waiting: PID 2306355 still alive
[2026-09-16 00:32:37] waiting: PID 2306355 still alive
[2026-09-16 00:33:37] waiting: PID 2306355 still alive
[2026-09-16 00:34:37] waiting: PID 2306355 still alive
[2026-09-16 00:35:37] waiting: PID 2306355 still alive
[2026-09-16 00:36:37] waiting: PID 2306355 still alive
[2026-09-16 00:37:37] waiting: PID 2306355 still alive
[2026-09-16 00:38:37] waiting: PID 2306355 still alive
[2026-09-16 00:39:37] waiting: PID 2306355 still alive
[2026-09-16 00:40:37] waiting: PID 2306355 still alive
[2026-09-16 00:41:37] waiting: PID 2306355 still alive
[2026-09-16 00:42:37] waiting: PID 2306355 still alive
[2026-09-16 00:43:37] waiting: PID 2306355 still alive
[2026-09-16 00:44:37] waiting: PID 2306355 still alive
[2026-09-16 00:45:37] waiting: PID 2306355 still alive
[2026-09-16 00:46:37] waiting: PID 2306355 still alive
[2026-09-16 00:47:37] waiting: PID 2306355 still alive
[2026-09-16 00:48:37] waiting: PID 2306355 still alive
[2026-09-16 00:49:37] waiting: PID 2306355 still alive
[2026-09-16 00:50:37] waiting: PID 2306355 still alive
[2026-09-16 00:51:37] waiting: PID 2306355 still alive
[2026-09-16 00:52:37] waiting: PID 2306355 still alive
[2026-09-16 00:53:37] waiting: PID 2306355 still alive
[2026-09-16 00:54:37] waiting: PID 2306355 still alive
[2026-09-16 00:55:37] waiting: PID 2306355 still alive
[2026-09-16 00:56:37] waiting: PID 2306355 still alive
[2026-09-16 00:57:37] waiting: PID 2306355 still alive
[2026-09-16 00:58:37] waiting: PID 2306355 still alive
[2026-09-16 00:59:37] waiting: PID 2306355 still alive
[2026-09-16 01:00:37] waiting: PID 2306355 still alive
[2026-09-16 01:01:37] waiting: PID 2306355 still alive
[2026-09-16 01:02:37] waiting: PID 2306355 still alive
[2026-09-16 01:03:37] waiting: PID 2306355 still alive
[2026-09-16 01:04:37] waiting: PID 2306355 still alive
[2026-09-16 01:05:37] waiting: PID 2306355 still alive
[2026-09-16 01:06:37] waiting: PID 2306355 still alive
[2026-09-16 01:07:37] waiting: PID 2306355 still alive
[2026-09-16 01:08:37] waiting: PID 2306355 still alive
[2026-09-16 01:09:37] waiting: PID 2306355 still alive
[2026-09-16 01:10:37] waiting: PID 2306355 still alive
[2026-09-16 01:11:37] waiting: PID 2306355 still alive
[2026-09-16 01:12:37] waiting: PID 2306355 still alive
[2026-09-16 01:13:37] waiting: PID 2306355 still alive
[2026-09-16 01:14:37] waiting: PID 2306355 still alive
[2026-09-16 01:15:37] waiting: PID 2306355 still alive
[2026-09-16 01:16:37] waiting: PID 2306355 still alive
[2026-09-16 01:17:37] waiting: PID 2306355 still alive
[2026-09-16 01:18:37] waiting: PID 2306355 still alive
[2026-09-16 01:19:37] waiting: PID 2306355 still alive
[2026-09-16 01:20:37] waiting: PID 2306355 still alive
[2026-09-16 01:21:37] waiting: PID 2306355 still alive
[2026-09-16 01:22:37] waiting: PID 2306355 still alive
[2026-09-16 01:23:37] waiting: PID 2306355 still alive
[2026-09-16 01:24:37] waiting: PID 2306355 still alive
[2026-09-16 01:25:37] waiting: PID 2306355 still alive
[2026-09-16 01:26:37] waiting: PID 2306355 still alive
[2026-09-16 01:27:37] waiting: PID 2306355 still alive
[2026-09-16 01:28:37] waiting: PID 2306355 still alive
[2026-09-16 01:29:37] waiting: PID 2306355 still alive
[2026-09-16 01:30:37] waiting: PID 2306355 still alive
[2026-09-16 01:31:37] waiting: PID 2306355 still alive
[2026-09-16 01:32:37] waiting: PID 2306355 still alive
[2026-09-16 01:33:37] waiting: PID 2306355 still alive
[2026-09-16 01:34:37] waiting: PID 2306355 still alive
[2026-09-16 01:35:37] waiting: PID 2306355 still alive
[2026-09-16 01:36:37] waiting: PID 2306355 still alive
[2026-09-16 01:37:37] waiting: PID 2306355 still alive
[2026-09-16 01:38:37] waiting: PID 2306355 still alive
[2026-09-16 01:39:37] waiting: PID 2306355 still alive
[2026-09-16 01:40:37] waiting: PID 2306355 still alive
[2026-09-16 01:41:37] waiting: PID 2306355 still alive
[2026-09-16 01:42:37] waiting: PID 2306355 still alive
[2026-09-16 01:43:37] waiting: PID 2306355 still alive
[2026-09-16 01:44:37] waiting: PID 2306355 still alive
[2026-09-16 01:45:37] waiting: PID 2306355 still alive
[2026-09-16 01:46:37] waiting: PID 2306355 still alive
[2026-09-16 01:47:37] waiting: PID 2306355 still alive
[2026-09-16 01:48:37] waiting: PID 2306355 still alive
[2026-09-16 01:49:37] waiting: PID 2306355 still alive
[2026-09-16 01:50:37] waiting: PID 2306355 still alive
[2026-09-16 01:51:37] waiting: PID 2306355 still alive
[2026-09-16 01:52:37] waiting: PID 2306355 still alive
[2026-09-16 01:53:37] waiting: PID 2306355 still alive
[2026-09-16 01:54:37] waiting: PID 2306355 still alive
[2026-09-16 01:55:37] waiting: PID 2306355 still alive
[2026-09-16 01:56:37] waiting: PID 2306355 still alive
[2026-09-16 01:57:37] waiting: PID 2306355 still alive
[2026-09-16 01:58:37] waiting: PID 2306355 still alive
[2026-09-16 01:59:37] waiting: PID 2306355 still alive
[2026-09-16 02:00:37] waiting: PID 2306355 still alive
[2026-09-16 02:01:37] waiting: PID 2306355 still alive
[2026-09-16 02:02:37] waiting: PID 2306355 still alive
[2026-09-16 02:03:37] waiting: PID 2306355 still alive
[2026-09-16 02:04:37] waiting: PID 2306355 still alive
[2026-09-16 02:05:37] waiting: PID 2306355 still alive
[2026-09-16 02:06:37] waiting: PID 2306355 still alive
[2026-09-16 02:07:37] waiting: PID 2306355 still alive
[2026-09-16 02:08:37] waiting: PID 2306355 still alive
[2026-09-16 02:09:37] waiting: PID 2306355 still alive
[2026-09-16 02:10:37] waiting: PID 2306355 still alive
[2026-09-16 02:11:37] waiting: PID 2306355 still alive
[2026-09-16 02:12:37] waiting: PID 2306355 still alive
[2026-09-16 02:13:37] waiting: PID 2306355 still alive
[2026-09-16 02:14:37] waiting: PID 2306355 still alive
[2026-09-16 02:15:37] waiting: PID 2306355 still alive
[2026-09-16 02:16:37] waiting: PID 2306355 still alive
[2026-09-16 02:17:37] waiting: PID 2306355 still alive
[2026-09-16 02:18:37] waiting: PID 2306355 still alive
[2026-09-16 02:19:37] waiting: PID 2306355 still alive
[2026-09-16 02:20:37] waiting: PID 2306355 still alive
[2026-09-16 02:21:37] waiting: PID 2306355 still alive
[2026-09-16 02:22:37] waiting: PID 2306355 still alive
[2026-09-16 02:23:37] waiting: PID 2306355 still alive
[2026-09-16 02:24:37] waiting: PID 2306355 still alive
[2026-09-16 02:25:37] waiting: PID 2306355 still alive
[2026-09-16 02:26:37] waiting: PID 2306355 still alive
[2026-09-16 02:27:37] waiting: PID 2306355 still alive
[2026-09-16 02:28:37] waiting: PID 2306355 still alive
[2026-09-16 02:29:37] waiting: PID 2306355 still alive
[2026-09-16 02:30:37] waiting: PID 2306355 still alive
[2026-09-16 02:31:37] waiting: PID 2306355 still alive
[2026-09-16 02:32:37] waiting: PID 2306355 still alive
[2026-09-16 02:33:37] waiting: PID 2306355 still alive
[2026-09-16 02:34:37] waiting: PID 2306355 still alive
[2026-09-16 02:35:37] waiting: PID 2306355 still alive
[2026-09-16 02:36:37] waiting: PID 2306355 still alive
[2026-09-16 02:37:37] waiting: PID 2306355 still alive
[2026-09-16 02:38:37] waiting: PID 2306355 still alive
[2026-09-16 02:39:37] waiting: PID 2306355 still alive
[2026-09-16 02:40:37] waiting: PID 2306355 still alive
[2026-09-16 02:41:37] waiting: PID 2306355 still alive
[2026-09-16 02:42:37] waiting: PID 2306355 still alive
[2026-09-16 02:43:37] waiting: PID 2306355 still alive
[2026-09-16 02:44:37] waiting: PID 2306355 still alive
[2026-09-16 02:45:37] waiting: PID 2306355 still alive
[2026-09-16 02:46:37] waiting: PID 2306355 still alive
[2026-09-16 02:47:37] waiting: PID 2306355 still alive
[2026-09-16 02:48:37] waiting: PID 2306355 still alive
[2026-09-16 02:49:37] waiting: PID 2306355 still alive
[2026-09-16 02:50:37] waiting: PID 2306355 still alive
[2026-09-16 02:51:37] waiting: PID 2306355 still alive
[2026-09-16 02:52:37] waiting: PID 2306355 still alive
[2026-09-16 02:53:37] waiting: PID 2306355 still alive
[2026-09-16 02:54:37] waiting: PID 2306355 still alive
[2026-09-16 02:55:37] waiting: PID 2306355 still alive
[2026-09-16 02:56:38] waiting: PID 2306355 still alive
[2026-09-16 02:57:38] waiting: PID 2306355 still alive
[2026-09-16 02:58:38] waiting: PID 2306355 still alive
[2026-09-16 02:59:38] waiting: PID 2306355 still alive
[2026-09-16 03:00:38] waiting: PID 2306355 still alive
[2026-09-16 03:01:38] waiting: PID 2306355 still alive
[2026-09-16 03:02:38] waiting: PID 2306355 still alive
[2026-09-16 03:03:38] waiting: PID 2306355 still alive
[2026-09-16 03:04:38] waiting: PID 2306355 still alive
[2026-09-16 03:05:38] waiting: PID 2306355 still alive
[2026-09-16 03:06:38] waiting: PID 2306355 still alive
[2026-09-16 03:07:38] waiting: PID 2306355 still alive
[2026-09-16 03:08:38] waiting: PID 2306355 still alive
[2026-09-16 03:09:38] waiting: PID 2306355 still alive
[2026-09-16 03:10:38] waiting: PID 2306355 still alive
[2026-09-16 03:11:38] waiting: PID 2306355 still alive
[2026-09-16 03:12:38] waiting: PID 2306355 still alive
[2026-09-16 03:13:38] waiting: PID 2306355 still alive
[2026-09-16 03:14:38] waiting: PID 2306355 still alive
[2026-09-16 03:15:38] waiting: PID 2306355 still alive
[2026-09-16 03:16:38] waiting: PID 2306355 still alive
[2026-09-16 03:17:38] waiting: PID 2306355 still alive
[2026-09-16 03:18:38] waiting: PID 2306355 still alive
[2026-09-16 03:19:38] waiting: PID 2306355 still alive
[2026-09-16 03:20:38] waiting: PID 2306355 still alive
[2026-09-16 03:21:38] waiting: PID 2306355 still alive
[2026-09-16 03:22:38] waiting: PID 2306355 still alive
[2026-09-16 03:23:38] waiting: PID 2306355 still alive
[2026-09-16 03:24:38] waiting: PID 2306355 still alive
[2026-09-16 03:25:38] waiting: PID 2306355 still alive
[2026-09-16 03:26:38] waiting: PID 2306355 still alive
[2026-09-16 03:27:38] waiting: PID 2306355 still alive
[2026-09-16 03:28:38] waiting: PID 2306355 still alive
[2026-09-16 03:29:38] waiting: PID 2306355 still alive
[2026-09-16 03:30:38] waiting: PID 2306355 still alive
[2026-09-16 03:31:38] waiting: PID 2306355 still alive
[2026-09-16 03:32:38] waiting: PID 2306355 still alive
[2026-09-16 03:33:38] waiting: PID 2306355 still alive
[2026-09-16 03:34:38] waiting: PID 2306355 still alive
[2026-09-16 03:35:38] waiting: PID 2306355 still alive
[2026-09-16 03:36:38] waiting: PID 2306355 still alive
[2026-09-16 03:37:38] waiting: PID 2306355 still alive
[2026-09-16 03:38:38] waiting: PID 2306355 still alive
[2026-09-16 03:39:38] waiting: PID 2306355 still alive
[2026-09-16 03:40:38] waiting: PID 2306355 still alive
[2026-09-16 03:41:38] waiting: PID 2306355 still alive
[2026-09-16 03:42:38] waiting: PID 2306355 still alive
[2026-09-16 03:43:38] waiting: PID 2306355 still alive
[2026-09-16 03:44:38] waiting: PID 2306355 still alive
[2026-09-16 03:45:38] waiting: PID 2306355 still alive
[2026-09-16 03:46:38] waiting: PID 2306355 still alive
[2026-09-16 03:47:38] waiting: PID 2306355 still alive
[2026-09-16 03:48:38] waiting: PID 2306355 still alive
[2026-09-16 03:49:38] waiting: PID 2306355 still alive
[2026-09-16 03:50:38] waiting: PID 2306355 still alive
[2026-09-16 03:51:38] waiting: PID 2306355 still alive
[2026-09-16 03:52:38] waiting: PID 2306355 still alive
[2026-09-16 03:53:38] waiting: PID 2306355 still alive
[2026-09-16 03:54:38] waiting: PID 2306355 still alive
[2026-09-16 03:55:38] waiting: PID 2306355 still alive
[2026-09-16 03:56:38] waiting: PID 2306355 still alive
[2026-09-16 03:57:38] waiting: PID 2306355 still alive
[2026-09-16 03:58:38] waiting: PID 2306355 still alive
[2026-09-16 03:59:38] waiting: PID 2306355 still alive
[2026-09-16 04:00:38] waiting: PID 2306355 still alive
[2026-09-16 04:01:38] waiting: PID 2306355 still alive
[2026-09-16 04:02:38] waiting: PID 2306355 still alive
[2026-09-16 04:03:38] waiting: PID 2306355 still alive
[2026-09-16 04:04:38] waiting: PID 2306355 still alive
[2026-09-16 04:05:38] waiting: PID 2306355 still alive
[2026-09-16 04:06:38] waiting: PID 2306355 still alive
[2026-09-16 04:07:38] waiting: PID 2306355 still alive
[2026-09-16 04:08:38] waiting: PID 2306355 still alive
[2026-09-16 04:09:38] waiting: PID 2306355 still alive
[2026-09-16 04:10:38] waiting: PID 2306355 still alive
[2026-09-16 04:11:38] waiting: PID 2306355 still alive
[2026-09-16 04:12:38] waiting: PID 2306355 still alive
[2026-09-16 04:13:38] waiting: PID 2306355 still alive
[2026-09-16 04:14:38] waiting: PID 2306355 still alive
[2026-09-16 04:15:38] waiting: PID 2306355 still alive
[2026-09-16 04:16:38] waiting: PID 2306355 still alive
[2026-09-16 04:17:38] waiting: PID 2306355 still alive
[2026-09-16 04:18:38] waiting: PID 2306355 still alive
[2026-09-16 04:19:38] waiting: PID 2306355 still alive
[2026-09-16 04:20:38] waiting: PID 2306355 still alive
[2026-09-16 04:21:38] waiting: PID 2306355 still alive
[2026-09-16 04:22:38] waiting: PID 2306355 still alive
[2026-09-16 04:23:38] waiting: PID 2306355 still alive
[2026-09-16 04:24:38] waiting: PID 2306355 still alive
[2026-09-16 04:25:38] waiting: PID 2306355 still alive
[2026-09-16 04:26:38] waiting: PID 2306355 still alive
[2026-09-16 04:27:38] waiting: PID 2306355 still alive
[2026-09-16 04:28:38] waiting: PID 2306355 still alive
[2026-09-16 04:29:38] waiting: PID 2306355 still alive
[2026-09-16 04:30:38] waiting: PID 2306355 still alive
[2026-09-16 04:31:38] waiting: PID 2306355 still alive
[2026-09-16 04:32:38] waiting: PID 2306355 still alive
[2026-09-16 04:33:38] waiting: PID 2306355 still alive
[2026-09-16 04:34:38] waiting: PID 2306355 still alive
[2026-09-16 04:35:38] waiting: PID 2306355 still alive
[2026-09-16 04:36:38] waiting: PID 2306355 still alive
[2026-09-16 04:37:38] waiting: PID 2306355 still alive
[2026-09-16 04:38:38] waiting: PID 2306355 still alive
[2026-09-16 04:39:38] waiting: PID 2306355 still alive
[2026-09-16 04:40:38] waiting: PID 2306355 still alive
[2026-09-16 04:41:38] waiting: PID 2306355 still alive
[2026-09-16 04:42:38] waiting: PID 2306355 still alive
[2026-09-16 04:43:38] waiting: PID 2306355 still alive
[2026-09-16 04:44:38] waiting: PID 2306355 still alive
[2026-09-16 04:45:38] waiting: PID 2306355 still alive
[2026-09-16 04:46:38] waiting: PID 2306355 still alive
[2026-09-16 04:47:38] waiting: PID 2306355 still alive
[2026-09-16 04:48:38] waiting: PID 2306355 still alive
[2026-09-16 04:49:38] waiting: PID 2306355 still alive
[2026-09-16 04:50:38] waiting: PID 2306355 still alive
[2026-09-16 04:51:38] waiting: PID 2306355 still alive
[2026-09-16 04:52:38] waiting: PID 2306355 still alive
[2026-09-16 04:53:38] waiting: PID 2306355 still alive
[2026-09-16 04:54:38] waiting: PID 2306355 still alive
[2026-09-16 04:55:38] waiting: PID 2306355 still alive
[2026-09-16 04:56:38] waiting: PID 2306355 still alive
[2026-09-16 04:57:38] waiting: PID 2306355 still alive
[2026-09-16 04:58:38] waiting: PID 2306355 still alive
[2026-09-16 04:59:38] waiting: PID 2306355 still alive
[2026-09-16 05:00:38] waiting: PID 2306355 still alive
[2026-09-16 05:01:38] waiting: PID 2306355 still alive
[2026-09-16 05:02:38] waiting: PID 2306355 still alive
[2026-09-16 05:03:38] waiting: PID 2306355 still alive
[2026-09-16 05:04:38] waiting: PID 2306355 still alive
[2026-09-16 05:05:38] waiting: PID 2306355 still alive
[2026-09-16 05:06:38] waiting: PID 2306355 still alive
[2026-09-16 05:07:38] waiting: PID 2306355 still alive
[2026-09-16 05:08:38] waiting: PID 2306355 still alive
[2026-09-16 05:09:38] waiting: PID 2306355 still alive
[2026-09-16 05:10:38] waiting: PID 2306355 still alive
[2026-09-16 05:11:38] waiting: PID 2306355 still alive
[2026-09-16 05:12:38] waiting: PID 2306355 still alive
[2026-09-16 05:13:38] waiting: PID 2306355 still alive
[2026-09-16 05:14:38] waiting: PID 2306355 still alive
[2026-09-16 05:15:38] waiting: PID 2306355 still alive
[2026-09-16 05:16:38] waiting: PID 2306355 still alive
[2026-09-16 05:17:38] waiting: PID 2306355 still alive
[2026-09-16 05:18:38] waiting: PID 2306355 still alive
[2026-09-16 05:19:38] waiting: PID 2306355 still alive
[2026-09-16 05:20:38] waiting: PID 2306355 still alive
[2026-09-16 05:21:38] waiting: PID 2306355 still alive
[2026-09-16 05:22:38] waiting: PID 2306355 still alive
[2026-09-16 05:23:38] waiting: PID 2306355 still alive
[2026-09-16 05:24:38] waiting: PID 2306355 still alive
[2026-09-16 05:25:38] waiting: PID 2306355 still alive
[2026-09-16 05:26:38] waiting: PID 2306355 still alive
[2026-09-16 05:27:38] waiting: PID 2306355 still alive
[2026-09-16 05:28:38] waiting: PID 2306355 still alive
[2026-09-16 05:29:38] waiting: PID 2306355 still alive
[2026-09-16 05:30:38] waiting: PID 2306355 still alive
[2026-09-16 05:31:38] waiting: PID 2306355 still alive
[2026-09-16 05:32:38] waiting: PID 2306355 still alive
[2026-09-16 05:33:38] waiting: PID 2306355 still alive
[2026-09-16 05:34:38] waiting: PID 2306355 still alive
[2026-09-16 05:35:38] waiting: PID 2306355 still alive
[2026-09-16 05:36:38] waiting: PID 2306355 still alive
[2026-09-16 05:37:38] waiting: PID 2306355 still alive
[2026-09-16 05:38:38] waiting: PID 2306355 still alive
[2026-09-16 05:39:38] waiting: PID 2306355 still alive
[2026-09-16 05:40:38] waiting: PID 2306355 still alive
[2026-09-16 05:41:38] waiting: PID 2306355 still alive
[2026-09-16 05:42:38] waiting: PID 2306355 still alive
[2026-09-16 05:43:38] waiting: PID 2306355 still alive
[2026-09-16 05:44:38] waiting: PID 2306355 still alive
[2026-09-16 05:45:38] waiting: PID 2306355 still alive
[2026-09-16 05:46:38] waiting: PID 2306355 still alive
[2026-09-16 05:47:38] waiting: PID 2306355 still alive
[2026-09-16 05:48:38] waiting: PID 2306355 still alive
[2026-09-16 05:49:38] waiting: PID 2306355 still alive
[2026-09-16 05:50:38] waiting: PID 2306355 still alive
[2026-09-16 05:51:38] waiting: PID 2306355 still alive
[2026-09-16 05:52:38] waiting: PID 2306355 still alive
[2026-09-16 05:53:38] waiting: PID 2306355 still alive
[2026-09-16 05:54:38] waiting: PID 2306355 still alive
[2026-09-16 05:55:38] waiting: PID 2306355 still alive
[2026-09-16 05:56:38] waiting: PID 2306355 still alive
[2026-09-16 05:57:38] waiting: PID 2306355 still alive
[2026-09-16 05:58:38] waiting: PID 2306355 still alive
[2026-09-16 05:59:38] waiting: PID 2306355 still alive
[2026-09-16 06:00:38] waiting: PID 2306355 still alive
[2026-09-16 06:01:38] waiting: PID 2306355 still alive
[2026-09-16 06:02:38] waiting: PID 2306355 still alive
[2026-09-16 06:03:38] waiting: PID 2306355 still alive
[2026-09-16 06:04:38] waiting: PID 2306355 still alive
[2026-09-16 06:05:38] waiting: PID 2306355 still alive
[2026-09-16 06:06:38] waiting: PID 2306355 still alive
[2026-09-16 06:07:38] waiting: PID 2306355 still alive
[2026-09-16 06:08:38] waiting: PID 2306355 still alive
[2026-09-16 06:09:38] waiting: PID 2306355 still alive
[2026-09-16 06:10:38] waiting: PID 2306355 still alive
[2026-09-16 06:11:38] waiting: PID 2306355 still alive
[2026-09-16 06:12:38] waiting: PID 2306355 still alive
[2026-09-16 06:13:38] waiting: PID 2306355 still alive
[2026-09-16 06:14:38] waiting: PID 2306355 still alive
[2026-09-16 06:15:38] waiting: PID 2306355 still alive
[2026-09-16 06:16:38] waiting: PID 2306355 still alive
[2026-09-16 06:17:38] waiting: PID 2306355 still alive
[2026-09-16 06:18:38] waiting: PID 2306355 still alive
[2026-09-16 06:19:38] waiting: PID 2306355 still alive
[2026-09-16 06:20:38] waiting: PID 2306355 still alive
[2026-09-16 06:21:38] waiting: PID 2306355 still alive
[2026-09-16 06:22:38] waiting: PID 2306355 still alive
[2026-09-16 06:23:38] waiting: PID 2306355 still alive
[2026-09-16 06:24:38] waiting: PID 2306355 still alive
[2026-09-16 06:25:38] waiting: PID 2306355 still alive
[2026-09-16 06:26:38] waiting: PID 2306355 still alive
[2026-09-16 06:27:38] waiting: PID 2306355 still alive
[2026-09-16 06:28:38] waiting: PID 2306355 still alive
[2026-09-16 06:29:38] waiting: PID 2306355 still alive
[2026-09-16 06:30:38] waiting: PID 2306355 still alive
[2026-09-16 06:31:38] waiting: PID 2306355 still alive
[2026-09-16 06:32:38] waiting: PID 2306355 still alive
[2026-09-16 06:33:38] waiting: PID 2306355 still alive
[2026-09-16 06:34:38] waiting: PID 2306355 still alive
[2026-09-16 06:35:38] waiting: PID 2306355 still alive
[2026-09-16 06:36:38] waiting: PID 2306355 still alive
[2026-09-16 06:37:38] waiting: PID 2306355 still alive
[2026-09-16 06:38:38] waiting: PID 2306355 still alive
[2026-09-16 06:39:38] waiting: PID 2306355 still alive
[2026-09-16 06:40:38] waiting: PID 2306355 still alive
[2026-09-16 06:41:38] waiting: PID 2306355 still alive
[2026-09-16 06:42:38] waiting: PID 2306355 still alive
[2026-09-16 06:43:38] waiting: PID 2306355 still alive
[2026-09-16 06:44:38] waiting: PID 2306355 still alive
[2026-09-16 06:45:38] waiting: PID 2306355 still alive
[2026-09-16 06:46:38] waiting: PID 2306355 still alive
[2026-09-16 06:47:38] waiting: PID 2306355 still alive
[2026-09-16 06:48:38] waiting: PID 2306355 still alive
[2026-09-16 06:49:38] waiting: PID 2306355 still alive
[2026-09-16 06:50:38] waiting: PID 2306355 still alive
[2026-09-16 06:51:38] waiting: PID 2306355 still alive
[2026-09-16 06:52:38] waiting: PID 2306355 still alive
[2026-09-16 06:53:38] waiting: PID 2306355 still alive
[2026-09-16 06:54:38] waiting: PID 2306355 still alive
[2026-09-16 06:55:38] waiting: PID 2306355 still alive
[2026-09-16 06:56:38] waiting: PID 2306355 still alive
[2026-09-16 06:57:38] waiting: PID 2306355 still alive
[2026-09-16 06:58:38] waiting: PID 2306355 still alive
[2026-09-16 06:59:38] waiting: PID 2306355 still alive
[2026-09-16 07:00:38] waiting: PID 2306355 still alive
[2026-09-16 07:01:38] waiting: PID 2306355 still alive
[2026-09-16 07:02:38] waiting: PID 2306355 still alive
[2026-09-16 07:03:38] waiting: PID 2306355 still alive
[2026-09-16 07:04:38] waiting: PID 2306355 still alive
[2026-09-16 07:05:38] waiting: PID 2306355 still alive
[2026-09-16 07:06:38] waiting: PID 2306355 still alive
[2026-09-16 07:07:38] waiting: PID 2306355 still alive
[2026-09-16 07:08:38] waiting: PID 2306355 still alive
[2026-09-16 07:09:38] waiting: PID 2306355 still alive
[2026-09-16 07:10:38] waiting: PID 2306355 still alive
[2026-09-16 07:11:38] waiting: PID 2306355 still alive
[2026-09-16 07:12:38] waiting: PID 2306355 still alive
[2026-09-16 07:13:38] waiting: PID 2306355 still alive
[2026-09-16 07:14:38] waiting: PID 2306355 still alive
[2026-09-16 07:15:38] waiting: PID 2306355 still alive
[2026-09-16 07:16:38] waiting: PID 2306355 still alive
[2026-09-16 07:17:38] waiting: PID 2306355 still alive
[2026-09-16 07:18:38] waiting: PID 2306355 still alive
[2026-09-16 07:19:38] waiting: PID 2306355 still alive
[2026-09-16 07:20:38] waiting: PID 2306355 still alive
[2026-09-16 07:21:38] waiting: PID 2306355 still alive
[2026-09-16 07:22:38] waiting: PID 2306355 still alive
[2026-09-16 07:23:38] waiting: PID 2306355 still alive
[2026-09-16 07:24:39] GPU slot free; launching run_bc_repair.py --gpus 0
AGENT_LOOP_WAKE_bc_repair_queue {"prompt":"bc_repair launched after queue wait; confirm PID, log, and GPU"}
Launch logs: /home/disk1/xiaoyanwang/code/SAGE-bc-repair/results/bc_repair_launches/20260916_072439_082594_2883953
/home/disk1/xiaoyanwang/anaconda3/envs/py39/bin/python -u /home/disk1/xiaoyanwang/code/SAGE-bc-repair/ppfpsl.py --config /home/disk1/xiaoyanwang/code/SAGE-bc-repair/configs/experiment_bc_repair_recover.yaml --gpu_id 0 --run_id rev13_bc_repair_recover_20260916_072439_082594_2883953
[2026-09-16 10:27:36] switched to parallel: recover kept; launched correct PID=3609112 joint PID=3609113; stopped sequential orchestrator 2883953
