[2026-09-16 15:07:32] queued bc_targets after PIDs 3446435 3609112 3609113
[2026-09-16 15:07:32] waiting: still alive 3446435 3609112 3609113
[2026-09-16 15:08:32] waiting: still alive 3446435 3609112 3609113
[2026-09-16 15:09:32] waiting: still alive 3446435 3609112 3609113
[2026-09-16 15:10:32] waiting: still alive 3446435 3609112 3609113
[2026-09-16 15:11:32] waiting: still alive 3446435 3609112 3609113
[2026-09-16 15:12:32] waiting: still alive 3446435 3609112 3609113
[2026-09-16 15:13:32] waiting: still alive 3446435 3609112 3609113
[2026-09-16 15:14:32] waiting: still alive 3446435 3609112 3609113
[2026-09-16 15:15:32] waiting: still alive 3446435 3609112 3609113
[2026-09-16 15:16:32] waiting: still alive 3446435 3609112 3609113
[2026-09-16 15:17:32] waiting: still alive 3446435 3609112 3609113
[2026-09-16 15:18:32] waiting: still alive 3446435 3609112 3609113
[2026-09-16 15:19:32] waiting: still alive 3446435 3609112 3609113
[2026-09-16 15:20:32] waiting: still alive 3446435 3609112 3609113
[2026-09-16 15:21:32] waiting: still alive 3446435 3609112 3609113
[2026-09-16 15:22:32] waiting: still alive 3446435 3609112 3609113
[2026-09-16 15:23:32] waiting: still alive 3446435 3609112 3609113
[2026-09-16 15:24:32] waiting: still alive 3446435 3609112 3609113
[2026-09-16 15:25:32] waiting: still alive 3446435 3609112 3609113
[2026-09-16 15:26:32] waiting: still alive 3446435 3609112 3609113
[2026-09-16 15:27:32] waiting: still alive 3446435 3609112 3609113
[2026-09-16 15:28:32] waiting: still alive 3446435 3609112 3609113
[2026-09-16 15:29:32] waiting: still alive 3446435 3609112 3609113
[2026-09-16 15:30:32] waiting: still alive 3446435 3609112 3609113
[2026-09-16 15:31:32] waiting: still alive 3446435 3609112 3609113
[2026-09-16 15:32:32] waiting: still alive 3446435 3609112 3609113
[2026-09-16 15:33:32] waiting: still alive 3446435 3609112 3609113
[2026-09-16 15:34:32] waiting: still alive 3446435 3609112 3609113
[2026-09-16 15:35:32] waiting: still alive 3446435 3609112 3609113
[2026-09-16 15:36:32] waiting: still alive 3446435 3609112 3609113
[2026-09-16 15:37:32] waiting: still alive 3446435 3609112 3609113
[2026-09-16 15:38:32] waiting: still alive 3446435 3609112 3609113
[2026-09-16 15:39:32] waiting: still alive 3446435 3609112 3609113
[2026-09-16 15:40:32] waiting: still alive 3446435 3609112 3609113
[2026-09-16 15:41:32] waiting: still alive 3446435 3609112 3609113
[2026-09-16 15:42:32] waiting: still alive 3446435 3609112 3609113
[2026-09-16 15:43:32] waiting: still alive 3446435 3609112 3609113
[2026-09-16 15:44:32] waiting: still alive 3446435 3609112 3609113
[2026-09-16 15:45:32] waiting: still alive 3446435 3609112 3609113
[2026-09-16 15:46:32] waiting: still alive 3446435 3609112 3609113
[2026-09-16 15:47:32] waiting: still alive 3446435 3609112 3609113
[2026-09-16 15:48:32] waiting: still alive 3446435 3609112 3609113
[2026-09-16 15:49:32] waiting: still alive 3446435 3609112 3609113
[2026-09-16 15:50:32] waiting: still alive 3446435 3609112 3609113
[2026-09-16 15:51:32] waiting: still alive 3446435 3609112 3609113
[2026-09-16 15:52:32] waiting: still alive 3446435 3609112 3609113
[2026-09-16 15:53:32] waiting: still alive 3446435 3609112 3609113
[2026-09-16 15:54:32] waiting: still alive 3446435 3609112 3609113
[2026-09-16 15:55:32] waiting: still alive 3446435 3609112 3609113
[2026-09-16 15:56:32] waiting: still alive 3446435 3609112 3609113
[2026-09-16 15:57:32] waiting: still alive 3446435 3609112 3609113
[2026-09-16 15:58:32] waiting: still alive 3446435 3609112 3609113
[2026-09-16 15:59:32] waiting: still alive 3446435 3609112 3609113
[2026-09-16 16:00:32] waiting: still alive 3446435 3609112 3609113
[2026-09-16 16:01:32] waiting: still alive 3446435 3609112 3609113
[2026-09-16 16:02:32] waiting: still alive 3446435 3609112 3609113
[2026-09-16 16:03:32] waiting: still alive 3446435 3609112 3609113
[2026-09-16 16:04:32] waiting: still alive 3446435 3609112 3609113
[2026-09-16 16:05:32] waiting: still alive 3446435 3609112 3609113
[2026-09-16 16:06:32] waiting: still alive 3446435 3609112 3609113
[2026-09-16 16:07:32] waiting: still alive 3446435 3609112 3609113
[2026-09-16 16:08:32] waiting: still alive 3446435 3609112 3609113
[2026-09-16 16:09:32] waiting: still alive 3446435 3609112 3609113
[2026-09-16 16:10:32] waiting: still alive 3446435 3609112 3609113
[2026-09-16 16:11:32] waiting: still alive 3446435 3609112 3609113
[2026-09-16 16:12:32] waiting: still alive 3446435 3609112 3609113
[2026-09-16 16:13:32] waiting: still alive 3446435 3609112 3609113
[2026-09-16 16:14:32] waiting: still alive 3446435 3609112 3609113
[2026-09-16 16:15:32] waiting: still alive 3446435 3609112 3609113
[2026-09-16 16:16:32] waiting: still alive 3446435 3609112 3609113
[2026-09-16 16:17:32] waiting: still alive 3446435 3609112 3609113
[2026-09-16 16:18:32] waiting: still alive 3446435 3609112 3609113
[2026-09-16 16:19:32] waiting: still alive 3446435 3609112 3609113
[2026-09-16 16:20:32] waiting: still alive 3446435 3609112 3609113
[2026-09-16 16:21:32] waiting: still alive 3446435 3609112 3609113
[2026-09-16 16:22:32] waiting: still alive 3446435 3609112 3609113
[2026-09-16 16:23:32] waiting: still alive 3446435 3609112 3609113
[2026-09-16 16:24:32] waiting: still alive 3446435 3609112 3609113
[2026-09-16 16:25:32] waiting: still alive 3446435 3609112 3609113
[2026-09-16 16:26:32] waiting: still alive 3446435 3609112 3609113
[2026-09-16 16:27:32] waiting: still alive 3446435 3609112 3609113
[2026-09-16 16:28:32] waiting: still alive 3446435 3609112 3609113
[2026-09-16 16:29:32] waiting: still alive 3446435 3609112 3609113
[2026-09-16 16:30:32] waiting: still alive 3446435 3609112 3609113
[2026-09-16 16:31:32] waiting: still alive 3446435 3609112 3609113
[2026-09-16 16:32:32] waiting: still alive 3446435 3609112 3609113
[2026-09-16 16:33:32] waiting: still alive 3446435 3609112 3609113
[2026-09-16 16:34:32] waiting: still alive 3446435 3609112 3609113
[2026-09-16 16:35:32] waiting: still alive 3446435 3609112 3609113
[2026-09-16 16:36:32] waiting: still alive 3446435 3609112 3609113
[2026-09-16 16:37:32] waiting: still alive 3446435 3609112 3609113
[2026-09-16 16:38:32] waiting: still alive 3446435 3609112 3609113
[2026-09-16 16:39:32] waiting: still alive 3446435 3609112 3609113
[2026-09-16 16:40:32] waiting: still alive 3446435 3609112 3609113
[2026-09-16 16:41:32] waiting: still alive 3446435 3609112 3609113
[2026-09-16 16:42:32] waiting: still alive 3446435 3609112 3609113
[2026-09-16 16:43:32] waiting: still alive 3446435 3609112 3609113
[2026-09-16 16:44:32] waiting: still alive 3446435 3609112 3609113
[2026-09-16 16:45:32] waiting: still alive 3446435 3609112 3609113
[2026-09-16 16:46:32] waiting: still alive 3446435 3609112 3609113
[2026-09-16 16:47:32] waiting: still alive 3446435 3609112 3609113
[2026-09-16 16:48:32] waiting: still alive 3446435 3609112 3609113
[2026-09-16 16:49:32] waiting: still alive 3446435 3609112 3609113
[2026-09-16 16:50:32] waiting: still alive 3446435 3609112 3609113
[2026-09-16 16:51:32] waiting: still alive 3446435 3609112 3609113
[2026-09-16 16:52:32] waiting: still alive 3446435 3609112 3609113
[2026-09-16 16:53:32] waiting: still alive 3446435 3609112 3609113
[2026-09-16 16:54:32] waiting: still alive 3446435 3609112 3609113
[2026-09-16 16:55:32] waiting: still alive 3446435 3609112 3609113
[2026-09-16 16:56:32] waiting: still alive 3446435 3609112 3609113
[2026-09-16 16:57:32] waiting: still alive 3446435 3609112 3609113
[2026-09-16 16:58:32] waiting: still alive 3446435 3609112 3609113
[2026-09-16 16:59:32] waiting: still alive 3446435 3609112 3609113
[2026-09-16 17:00:32] waiting: still alive 3446435 3609112 3609113
3609113
[2026-09-16 17:00:32] waiting: still alive 3446435 3609112 3609113
[2026-09-16 17:01:33] parallel launch on GPU0 (alongside 3x bc-repair); run_id=bc_targets_20260916_170133
[2026-09-16 17:01:33] launched train shell PID=4148397 log=bc_targets_launch.log
