[2026-09-17 22:26:24] started evidence PID=3547921 run_id=bc_targets_evidence_20260917_222624_3547901
[2026-09-17 22:26:24] queue waiter PID=3547925
[2026-09-17 22:26:24] queue waiting for free VRAM>=6500MiB to launch labelhead+separation in parallel (stamp=20260917_222624_3547901)
[2026-09-17 22:26:24] queue waiting for free VRAM>=6500MiB to launch labelhead+separation in parallel (stamp=20260917_222624_3547901)
[2026-09-17 22:26:24] waiting: free=6626MiB gpu_procs=3
[2026-09-17 22:26:24] waiting: free=6626MiB gpu_procs=3
[2026-09-17 22:26:24] capacity OK; launching labelhead + separation
[2026-09-17 22:26:24] capacity OK; launching labelhead + separation
[2026-09-17 22:26:24] started labelhead PID=3547952 run_id=bc_targets_labelhead_20260917_222624_3547901
[2026-09-17 22:26:24] started labelhead PID=3547952 run_id=bc_targets_labelhead_20260917_222624_3547901
[2026-09-17 22:26:24] started separation PID=3547956 run_id=bc_targets_separation_20260917_222624_3547901
[2026-09-17 22:26:24] started separation PID=3547956 run_id=bc_targets_separation_20260917_222624_3547901
[2026-09-17 22:26:24] queued pair launched
[2026-09-17 22:26:24] queued pair launched
[2026-09-17 22:27:52] requeue labelhead+separation after OOM cleanup; keep evidence PID=3547921
[2026-09-17 22:27:52] queue pair waiting for free VRAM>=6500MiB (stamp=20260917_222624_3547901)
[2026-09-17 22:27:52] queue pair waiting for free VRAM>=6500MiB (stamp=20260917_222624_3547901)
[2026-09-17 22:27:53] waiting: free=3539MiB gpu_procs=4
[2026-09-17 22:27:53] waiting: free=3539MiB gpu_procs=4
[2026-09-17 22:28:53] waiting: free=3527MiB gpu_procs=4
[2026-09-17 22:28:53] waiting: free=3527MiB gpu_procs=4
[2026-09-17 22:29:53] waiting: free=3527MiB gpu_procs=4
[2026-09-17 22:29:53] waiting: free=3527MiB gpu_procs=4
[2026-09-17 22:30:53] waiting: free=3525MiB gpu_procs=4
[2026-09-17 22:30:53] waiting: free=3525MiB gpu_procs=4
[2026-09-17 22:31:53] waiting: free=3525MiB gpu_procs=4
[2026-09-17 22:31:53] waiting: free=3525MiB gpu_procs=4
[2026-09-17 22:32:53] waiting: free=3525MiB gpu_procs=4
[2026-09-17 22:32:53] waiting: free=3525MiB gpu_procs=4
[2026-09-17 22:33:53] waiting: free=3525MiB gpu_procs=4
[2026-09-17 22:33:53] waiting: free=3525MiB gpu_procs=4
[2026-09-17 22:34:53] waiting: free=3525MiB gpu_procs=4
[2026-09-17 22:34:53] waiting: free=3525MiB gpu_procs=4
[2026-09-17 22:35:53] waiting: free=3525MiB gpu_procs=4
[2026-09-17 22:35:53] waiting: free=3525MiB gpu_procs=4
[2026-09-17 22:36:53] waiting: free=3525MiB gpu_procs=4
[2026-09-17 22:36:53] waiting: free=3525MiB gpu_procs=4
[2026-09-17 22:37:53] waiting: free=3525MiB gpu_procs=4
[2026-09-17 22:37:53] waiting: free=3525MiB gpu_procs=4
[2026-09-17 22:38:54] waiting: free=3525MiB gpu_procs=4
[2026-09-17 22:38:54] waiting: free=3525MiB gpu_procs=4
[2026-09-17 22:39:54] waiting: free=3525MiB gpu_procs=4
[2026-09-17 22:39:54] waiting: free=3525MiB gpu_procs=4
[2026-09-17 22:40:54] waiting: free=3525MiB gpu_procs=4
[2026-09-17 22:40:54] waiting: free=3525MiB gpu_procs=4
[2026-09-17 22:41:54] waiting: free=3525MiB gpu_procs=4
[2026-09-17 22:41:54] waiting: free=3525MiB gpu_procs=4
[2026-09-17 22:42:54] waiting: free=3525MiB gpu_procs=4
[2026-09-17 22:42:54] waiting: free=3525MiB gpu_procs=4
[2026-09-17 22:43:54] waiting: free=3525MiB gpu_procs=4
[2026-09-17 22:43:54] waiting: free=3525MiB gpu_procs=4
[2026-09-17 22:44:54] waiting: free=3525MiB gpu_procs=4
[2026-09-17 22:44:54] waiting: free=3525MiB gpu_procs=4
[2026-09-17 22:45:54] waiting: free=3525MiB gpu_procs=4
[2026-09-17 22:45:54] waiting: free=3525MiB gpu_procs=4
[2026-09-17 22:46:54] waiting: free=3525MiB gpu_procs=4
[2026-09-17 22:46:54] waiting: free=3525MiB gpu_procs=4
[2026-09-17 22:47:54] waiting: free=3525MiB gpu_procs=4
[2026-09-17 22:47:54] waiting: free=3525MiB gpu_procs=4
[2026-09-17 22:48:55] waiting: free=3525MiB gpu_procs=4
[2026-09-17 22:48:55] waiting: free=3525MiB gpu_procs=4
[2026-09-17 22:49:55] waiting: free=3525MiB gpu_procs=4
[2026-09-17 22:49:55] waiting: free=3525MiB gpu_procs=4
[2026-09-17 22:50:55] waiting: free=3525MiB gpu_procs=4
[2026-09-17 22:50:55] waiting: free=3525MiB gpu_procs=4
[2026-09-17 22:51:55] waiting: free=3525MiB gpu_procs=4
[2026-09-17 22:51:55] waiting: free=3525MiB gpu_procs=4
[2026-09-17 22:52:55] waiting: free=3525MiB gpu_procs=4
[2026-09-17 22:52:55] waiting: free=3525MiB gpu_procs=4
[2026-09-17 22:53:55] waiting: free=3525MiB gpu_procs=4
[2026-09-17 22:53:55] waiting: free=3525MiB gpu_procs=4
[2026-09-17 22:54:55] waiting: free=3525MiB gpu_procs=4
[2026-09-17 22:54:55] waiting: free=3525MiB gpu_procs=4
[2026-09-17 22:55:55] waiting: free=3525MiB gpu_procs=4
[2026-09-17 22:55:55] waiting: free=3525MiB gpu_procs=4
[2026-09-17 22:56:55] waiting: free=3525MiB gpu_procs=4
[2026-09-17 22:56:55] waiting: free=3525MiB gpu_procs=4
[2026-09-17 22:57:55] waiting: free=3525MiB gpu_procs=4
[2026-09-17 22:57:55] waiting: free=3525MiB gpu_procs=4
[2026-09-17 22:58:56] waiting: free=3525MiB gpu_procs=4
[2026-09-17 22:58:56] waiting: free=3525MiB gpu_procs=4
[2026-09-17 22:59:56] waiting: free=3525MiB gpu_procs=4
[2026-09-17 22:59:56] waiting: free=3525MiB gpu_procs=4
[2026-09-17 23:00:56] waiting: free=3525MiB gpu_procs=4
[2026-09-17 23:00:56] waiting: free=3525MiB gpu_procs=4
[2026-09-17 23:01:56] waiting: free=3525MiB gpu_procs=4
[2026-09-17 23:01:56] waiting: free=3525MiB gpu_procs=4
[2026-09-17 23:02:56] waiting: free=3525MiB gpu_procs=4
[2026-09-17 23:02:56] waiting: free=3525MiB gpu_procs=4
[2026-09-17 23:03:56] waiting: free=3525MiB gpu_procs=4
[2026-09-17 23:03:56] waiting: free=3525MiB gpu_procs=4
[2026-09-17 23:04:56] waiting: free=3525MiB gpu_procs=4
[2026-09-17 23:04:56] waiting: free=3525MiB gpu_procs=4
[2026-09-17 23:05:56] waiting: free=3525MiB gpu_procs=4
[2026-09-17 23:05:56] waiting: free=3525MiB gpu_procs=4
[2026-09-17 23:06:56] waiting: free=3525MiB gpu_procs=4
[2026-09-17 23:06:56] waiting: free=3525MiB gpu_procs=4
[2026-09-17 23:07:56] waiting: free=3525MiB gpu_procs=4
[2026-09-17 23:07:56] waiting: free=3525MiB gpu_procs=4
[2026-09-17 23:08:57] waiting: free=3525MiB gpu_procs=4
[2026-09-17 23:08:57] waiting: free=3525MiB gpu_procs=4
[2026-09-17 23:09:57] waiting: free=3525MiB gpu_procs=4
[2026-09-17 23:09:57] waiting: free=3525MiB gpu_procs=4
[2026-09-17 23:10:57] waiting: free=3525MiB gpu_procs=4
[2026-09-17 23:10:57] waiting: free=3525MiB gpu_procs=4
[2026-09-17 23:11:57] waiting: free=3525MiB gpu_procs=4
[2026-09-17 23:11:57] waiting: free=3525MiB gpu_procs=4
[2026-09-17 23:12:57] waiting: free=3525MiB gpu_procs=4
[2026-09-17 23:12:57] waiting: free=3525MiB gpu_procs=4
[2026-09-17 23:13:57] waiting: free=3525MiB gpu_procs=4
[2026-09-17 23:13:57] waiting: free=3525MiB gpu_procs=4
[2026-09-17 23:14:57] waiting: free=3525MiB gpu_procs=4
[2026-09-17 23:14:57] waiting: free=3525MiB gpu_procs=4
[2026-09-17 23:15:57] waiting: free=3525MiB gpu_procs=4
[2026-09-17 23:15:57] waiting: free=3525MiB gpu_procs=4
[2026-09-17 23:16:57] waiting: free=3525MiB gpu_procs=4
[2026-09-17 23:16:57] waiting: free=3525MiB gpu_procs=4
[2026-09-17 23:17:57] waiting: free=3525MiB gpu_procs=4
[2026-09-17 23:17:57] waiting: free=3525MiB gpu_procs=4
[2026-09-17 23:18:58] waiting: free=3525MiB gpu_procs=4
[2026-09-17 23:18:58] waiting: free=3525MiB gpu_procs=4
[2026-09-17 23:19:58] waiting: free=3525MiB gpu_procs=4
[2026-09-17 23:19:58] waiting: free=3525MiB gpu_procs=4
[2026-09-17 23:20:58] waiting: free=3525MiB gpu_procs=4
[2026-09-17 23:20:58] waiting: free=3525MiB gpu_procs=4
[2026-09-17 23:21:58] waiting: free=3525MiB gpu_procs=4
[2026-09-17 23:21:58] waiting: free=3525MiB gpu_procs=4
[2026-09-17 23:22:58] waiting: free=3525MiB gpu_procs=4
[2026-09-17 23:22:58] waiting: free=3525MiB gpu_procs=4
[2026-09-17 23:23:58] waiting: free=3525MiB gpu_procs=4
[2026-09-17 23:23:58] waiting: free=3525MiB gpu_procs=4
[2026-09-17 23:24:58] waiting: free=3525MiB gpu_procs=4
[2026-09-17 23:24:58] waiting: free=3525MiB gpu_procs=4
[2026-09-17 23:25:58] waiting: free=3525MiB gpu_procs=4
[2026-09-17 23:25:58] waiting: free=3525MiB gpu_procs=4
[2026-09-17 23:26:58] waiting: free=3525MiB gpu_procs=4
[2026-09-17 23:26:58] waiting: free=3525MiB gpu_procs=4
[2026-09-17 23:27:59] waiting: free=3525MiB gpu_procs=4
[2026-09-17 23:27:59] waiting: free=3525MiB gpu_procs=4
[2026-09-17 23:28:59] waiting: free=3525MiB gpu_procs=4
[2026-09-17 23:28:59] waiting: free=3525MiB gpu_procs=4
[2026-09-17 23:29:59] waiting: free=3525MiB gpu_procs=4
[2026-09-17 23:29:59] waiting: free=3525MiB gpu_procs=4
[2026-09-17 23:30:59] waiting: free=3523MiB gpu_procs=4
[2026-09-17 23:30:59] waiting: free=3523MiB gpu_procs=4
[2026-09-17 23:31:59] waiting: free=3523MiB gpu_procs=4
[2026-09-17 23:31:59] waiting: free=3523MiB gpu_procs=4
[2026-09-17 23:32:59] waiting: free=3523MiB gpu_procs=4
[2026-09-17 23:32:59] waiting: free=3523MiB gpu_procs=4
[2026-09-17 23:33:59] waiting: free=3523MiB gpu_procs=4
[2026-09-17 23:33:59] waiting: free=3523MiB gpu_procs=4
[2026-09-17 23:34:59] waiting: free=3523MiB gpu_procs=4
[2026-09-17 23:34:59] waiting: free=3523MiB gpu_procs=4
[2026-09-17 23:35:59] waiting: free=3523MiB gpu_procs=4
[2026-09-17 23:35:59] waiting: free=3523MiB gpu_procs=4
[2026-09-17 23:36:59] waiting: free=3521MiB gpu_procs=4
[2026-09-17 23:36:59] waiting: free=3521MiB gpu_procs=4
[2026-09-17 23:38:00] waiting: free=3521MiB gpu_procs=4
[2026-09-17 23:38:00] waiting: free=3521MiB gpu_procs=4
[2026-09-17 23:39:00] waiting: free=3521MiB gpu_procs=4
[2026-09-17 23:39:00] waiting: free=3521MiB gpu_procs=4
[2026-09-17 23:40:00] waiting: free=3521MiB gpu_procs=4
[2026-09-17 23:40:00] waiting: free=3521MiB gpu_procs=4
[2026-09-17 23:41:00] waiting: free=3521MiB gpu_procs=4
[2026-09-17 23:41:00] waiting: free=3521MiB gpu_procs=4
[2026-09-17 23:42:00] waiting: free=3521MiB gpu_procs=4
[2026-09-17 23:42:00] waiting: free=3521MiB gpu_procs=4
[2026-09-17 23:43:00] waiting: free=3521MiB gpu_procs=4
[2026-09-17 23:43:00] waiting: free=3521MiB gpu_procs=4
[2026-09-17 23:44:00] waiting: free=3521MiB gpu_procs=4
[2026-09-17 23:44:00] waiting: free=3521MiB gpu_procs=4
[2026-09-17 23:45:00] waiting: free=3521MiB gpu_procs=4
[2026-09-17 23:45:00] waiting: free=3521MiB gpu_procs=4
[2026-09-17 23:46:00] waiting: free=3521MiB gpu_procs=4
[2026-09-17 23:46:00] waiting: free=3521MiB gpu_procs=4
[2026-09-17 23:47:00] waiting: free=3521MiB gpu_procs=4
[2026-09-17 23:47:00] waiting: free=3521MiB gpu_procs=4
[2026-09-17 23:48:00] waiting: free=3521MiB gpu_procs=4
[2026-09-17 23:48:00] waiting: free=3521MiB gpu_procs=4
[2026-09-17 23:49:00] waiting: free=3521MiB gpu_procs=4
[2026-09-17 23:49:00] waiting: free=3521MiB gpu_procs=4
[2026-09-17 23:50:01] waiting: free=3521MiB gpu_procs=4
[2026-09-17 23:50:01] waiting: free=3521MiB gpu_procs=4
[2026-09-17 23:51:01] waiting: free=3521MiB gpu_procs=4
[2026-09-17 23:51:01] waiting: free=3521MiB gpu_procs=4
[2026-09-17 23:52:01] waiting: free=3521MiB gpu_procs=4
[2026-09-17 23:52:01] waiting: free=3521MiB gpu_procs=4
[2026-09-17 23:53:01] waiting: free=3521MiB gpu_procs=4
[2026-09-17 23:53:01] waiting: free=3521MiB gpu_procs=4
[2026-09-17 23:54:01] waiting: free=3521MiB gpu_procs=4
[2026-09-17 23:54:01] waiting: free=3521MiB gpu_procs=4
[2026-09-17 23:55:01] waiting: free=3521MiB gpu_procs=4
[2026-09-17 23:55:01] waiting: free=3521MiB gpu_procs=4
[2026-09-17 23:56:01] waiting: free=3521MiB gpu_procs=4
[2026-09-17 23:56:01] waiting: free=3521MiB gpu_procs=4
[2026-09-17 23:57:01] waiting: free=3521MiB gpu_procs=4
[2026-09-17 23:57:01] waiting: free=3521MiB gpu_procs=4
[2026-09-17 23:58:01] waiting: free=3521MiB gpu_procs=4
[2026-09-17 23:58:01] waiting: free=3521MiB gpu_procs=4
[2026-09-17 23:59:01] waiting: free=3521MiB gpu_procs=4
[2026-09-17 23:59:01] waiting: free=3521MiB gpu_procs=4
[2026-09-18 00:00:02] waiting: free=3521MiB gpu_procs=4
[2026-09-18 00:00:02] waiting: free=3521MiB gpu_procs=4
[2026-09-18 00:01:02] waiting: free=3521MiB gpu_procs=4
[2026-09-18 00:01:02] waiting: free=3521MiB gpu_procs=4
[2026-09-18 00:02:02] waiting: free=3521MiB gpu_procs=4
[2026-09-18 00:02:02] waiting: free=3521MiB gpu_procs=4
[2026-09-18 00:03:02] waiting: free=3521MiB gpu_procs=4
[2026-09-18 00:03:02] waiting: free=3521MiB gpu_procs=4
[2026-09-18 00:04:02] waiting: free=3521MiB gpu_procs=4
[2026-09-18 00:04:02] waiting: free=3521MiB gpu_procs=4
[2026-09-18 00:05:02] waiting: free=3521MiB gpu_procs=4
[2026-09-18 00:05:02] waiting: free=3521MiB gpu_procs=4
[2026-09-18 00:06:02] waiting: free=3521MiB gpu_procs=4
[2026-09-18 00:06:02] waiting: free=3521MiB gpu_procs=4
[2026-09-18 00:07:02] waiting: free=3521MiB gpu_procs=4
[2026-09-18 00:07:02] waiting: free=3521MiB gpu_procs=4
[2026-09-18 00:08:02] waiting: free=3521MiB gpu_procs=4
[2026-09-18 00:08:02] waiting: free=3521MiB gpu_procs=4
[2026-09-18 00:09:02] waiting: free=3521MiB gpu_procs=4
[2026-09-18 00:09:02] waiting: free=3521MiB gpu_procs=4
[2026-09-18 00:10:03] waiting: free=3521MiB gpu_procs=4
[2026-09-18 00:10:03] waiting: free=3521MiB gpu_procs=4
[2026-09-18 00:11:03] waiting: free=3521MiB gpu_procs=4
[2026-09-18 00:11:03] waiting: free=3521MiB gpu_procs=4
[2026-09-18 00:12:03] waiting: free=3521MiB gpu_procs=4
[2026-09-18 00:12:03] waiting: free=3521MiB gpu_procs=4
[2026-09-18 00:13:03] waiting: free=3521MiB gpu_procs=4
[2026-09-18 00:13:03] waiting: free=3521MiB gpu_procs=4
[2026-09-18 00:14:03] waiting: free=3521MiB gpu_procs=4
[2026-09-18 00:14:03] waiting: free=3521MiB gpu_procs=4
[2026-09-18 00:15:03] waiting: free=3521MiB gpu_procs=4
[2026-09-18 00:15:03] waiting: free=3521MiB gpu_procs=4
[2026-09-18 00:16:03] waiting: free=3521MiB gpu_procs=4
[2026-09-18 00:16:03] waiting: free=3521MiB gpu_procs=4
[2026-09-18 00:17:03] waiting: free=3521MiB gpu_procs=4
[2026-09-18 00:17:03] waiting: free=3521MiB gpu_procs=4
[2026-09-18 00:18:03] waiting: free=3521MiB gpu_procs=4
[2026-09-18 00:18:03] waiting: free=3521MiB gpu_procs=4
[2026-09-18 00:19:04] waiting: free=3521MiB gpu_procs=4
[2026-09-18 00:19:04] waiting: free=3521MiB gpu_procs=4
[2026-09-18 00:20:04] waiting: free=3521MiB gpu_procs=4
[2026-09-18 00:20:04] waiting: free=3521MiB gpu_procs=4
[2026-09-18 00:21:04] waiting: free=3521MiB gpu_procs=4
[2026-09-18 00:21:04] waiting: free=3521MiB gpu_procs=4
[2026-09-18 00:22:04] waiting: free=3521MiB gpu_procs=4
[2026-09-18 00:22:04] waiting: free=3521MiB gpu_procs=4
[2026-09-18 00:23:04] waiting: free=3521MiB gpu_procs=4
[2026-09-18 00:23:04] waiting: free=3521MiB gpu_procs=4
[2026-09-18 00:24:04] waiting: free=3521MiB gpu_procs=4
[2026-09-18 00:24:04] waiting: free=3521MiB gpu_procs=4
[2026-09-18 00:25:04] waiting: free=3521MiB gpu_procs=4
[2026-09-18 00:25:04] waiting: free=3521MiB gpu_procs=4
[2026-09-18 00:26:04] waiting: free=3521MiB gpu_procs=4
[2026-09-18 00:26:04] waiting: free=3521MiB gpu_procs=4
[2026-09-18 00:27:04] waiting: free=3521MiB gpu_procs=4
[2026-09-18 00:27:04] waiting: free=3521MiB gpu_procs=4
[2026-09-18 00:28:05] waiting: free=3521MiB gpu_procs=4
[2026-09-18 00:28:05] waiting: free=3521MiB gpu_procs=4
[2026-09-18 00:29:05] waiting: free=3521MiB gpu_procs=4
[2026-09-18 00:29:05] waiting: free=3521MiB gpu_procs=4
[2026-09-18 00:30:05] waiting: free=3521MiB gpu_procs=4
[2026-09-18 00:30:05] waiting: free=3521MiB gpu_procs=4
[2026-09-18 00:31:05] waiting: free=3521MiB gpu_procs=4
[2026-09-18 00:31:05] waiting: free=3521MiB gpu_procs=4
[2026-09-18 00:32:05] waiting: free=3521MiB gpu_procs=4
[2026-09-18 00:32:05] waiting: free=3521MiB gpu_procs=4
[2026-09-18 00:33:05] waiting: free=3521MiB gpu_procs=4
[2026-09-18 00:33:05] waiting: free=3521MiB gpu_procs=4
[2026-09-18 00:34:05] waiting: free=3521MiB gpu_procs=4
[2026-09-18 00:34:05] waiting: free=3521MiB gpu_procs=4
[2026-09-18 00:35:05] waiting: free=3521MiB gpu_procs=4
[2026-09-18 00:35:05] waiting: free=3521MiB gpu_procs=4
[2026-09-18 00:36:05] waiting: free=3521MiB gpu_procs=4
[2026-09-18 00:36:05] waiting: free=3521MiB gpu_procs=4
[2026-09-18 00:37:05] waiting: free=3521MiB gpu_procs=4
[2026-09-18 00:37:05] waiting: free=3521MiB gpu_procs=4
[2026-09-18 00:38:06] waiting: free=3521MiB gpu_procs=4
[2026-09-18 00:38:06] waiting: free=3521MiB gpu_procs=4
[2026-09-18 00:39:06] waiting: free=3521MiB gpu_procs=4
[2026-09-18 00:39:06] waiting: free=3521MiB gpu_procs=4
[2026-09-18 00:40:06] waiting: free=3521MiB gpu_procs=4
[2026-09-18 00:40:06] waiting: free=3521MiB gpu_procs=4
[2026-09-18 00:41:06] waiting: free=3521MiB gpu_procs=4
[2026-09-18 00:41:06] waiting: free=3521MiB gpu_procs=4
[2026-09-18 00:42:06] waiting: free=3521MiB gpu_procs=4
[2026-09-18 00:42:06] waiting: free=3521MiB gpu_procs=4
[2026-09-18 00:43:06] waiting: free=3521MiB gpu_procs=4
[2026-09-18 00:43:06] waiting: free=3521MiB gpu_procs=4
[2026-09-18 00:44:06] waiting: free=3521MiB gpu_procs=4
[2026-09-18 00:44:06] waiting: free=3521MiB gpu_procs=4
[2026-09-18 00:45:06] waiting: free=3521MiB gpu_procs=4
[2026-09-18 00:45:06] waiting: free=3521MiB gpu_procs=4
[2026-09-18 00:46:06] waiting: free=3521MiB gpu_procs=4
[2026-09-18 00:46:06] waiting: free=3521MiB gpu_procs=4
[2026-09-18 00:47:06] waiting: free=3521MiB gpu_procs=4
[2026-09-18 00:47:06] waiting: free=3521MiB gpu_procs=4
[2026-09-18 00:48:06] waiting: free=3521MiB gpu_procs=4
[2026-09-18 00:48:06] waiting: free=3521MiB gpu_procs=4
[2026-09-18 00:49:07] waiting: free=3521MiB gpu_procs=4
[2026-09-18 00:49:07] waiting: free=3521MiB gpu_procs=4
[2026-09-18 00:50:07] waiting: free=3521MiB gpu_procs=4
[2026-09-18 00:50:07] waiting: free=3521MiB gpu_procs=4
[2026-09-18 00:51:07] waiting: free=3521MiB gpu_procs=4
[2026-09-18 00:51:07] waiting: free=3521MiB gpu_procs=4
[2026-09-18 00:52:07] waiting: free=3521MiB gpu_procs=4
[2026-09-18 00:52:07] waiting: free=3521MiB gpu_procs=4
[2026-09-18 00:53:07] waiting: free=3521MiB gpu_procs=4
[2026-09-18 00:53:07] waiting: free=3521MiB gpu_procs=4
[2026-09-18 00:54:07] waiting: free=3521MiB gpu_procs=4
[2026-09-18 00:54:07] waiting: free=3521MiB gpu_procs=4
[2026-09-18 00:55:07] waiting: free=3521MiB gpu_procs=4
[2026-09-18 00:55:07] waiting: free=3521MiB gpu_procs=4
[2026-09-18 00:56:07] waiting: free=3521MiB gpu_procs=4
[2026-09-18 00:56:07] waiting: free=3521MiB gpu_procs=4
[2026-09-18 00:57:07] waiting: free=3521MiB gpu_procs=4
[2026-09-18 00:57:07] waiting: free=3521MiB gpu_procs=4
[2026-09-18 00:58:07] waiting: free=3521MiB gpu_procs=4
[2026-09-18 00:58:07] waiting: free=3521MiB gpu_procs=4
[2026-09-18 00:59:08] waiting: free=3521MiB gpu_procs=4
[2026-09-18 00:59:08] waiting: free=3521MiB gpu_procs=4
[2026-09-18 01:00:08] waiting: free=3521MiB gpu_procs=4
[2026-09-18 01:00:08] waiting: free=3521MiB gpu_procs=4
[2026-09-18 01:01:08] waiting: free=3521MiB gpu_procs=4
[2026-09-18 01:01:08] waiting: free=3521MiB gpu_procs=4
[2026-09-18 01:02:08] waiting: free=3521MiB gpu_procs=4
[2026-09-18 01:02:08] waiting: free=3521MiB gpu_procs=4
[2026-09-18 01:03:08] waiting: free=3521MiB gpu_procs=4
[2026-09-18 01:03:08] waiting: free=3521MiB gpu_procs=4
[2026-09-18 01:04:08] waiting: free=3521MiB gpu_procs=4
[2026-09-18 01:04:08] waiting: free=3521MiB gpu_procs=4
[2026-09-18 01:05:08] waiting: free=3521MiB gpu_procs=4
[2026-09-18 01:05:08] waiting: free=3521MiB gpu_procs=4
[2026-09-18 01:06:08] waiting: free=3521MiB gpu_procs=4
[2026-09-18 01:06:08] waiting: free=3521MiB gpu_procs=4
[2026-09-18 01:07:08] waiting: free=3521MiB gpu_procs=4
[2026-09-18 01:07:08] waiting: free=3521MiB gpu_procs=4
[2026-09-18 01:08:08] waiting: free=3521MiB gpu_procs=4
[2026-09-18 01:08:08] waiting: free=3521MiB gpu_procs=4
[2026-09-18 01:09:09] waiting: free=3521MiB gpu_procs=4
[2026-09-18 01:09:09] waiting: free=3521MiB gpu_procs=4
[2026-09-18 01:10:09] waiting: free=3521MiB gpu_procs=4
[2026-09-18 01:10:09] waiting: free=3521MiB gpu_procs=4
[2026-09-18 01:11:09] waiting: free=3521MiB gpu_procs=4
[2026-09-18 01:11:09] waiting: free=3521MiB gpu_procs=4
[2026-09-18 01:12:09] waiting: free=3521MiB gpu_procs=4
[2026-09-18 01:12:09] waiting: free=3521MiB gpu_procs=4
[2026-09-18 01:13:09] waiting: free=3521MiB gpu_procs=4
[2026-09-18 01:13:09] waiting: free=3521MiB gpu_procs=4
[2026-09-18 01:14:09] waiting: free=3521MiB gpu_procs=4
[2026-09-18 01:14:09] waiting: free=3521MiB gpu_procs=4
[2026-09-18 01:15:09] waiting: free=3521MiB gpu_procs=4
[2026-09-18 01:15:09] waiting: free=3521MiB gpu_procs=4
[2026-09-18 01:16:09] waiting: free=3521MiB gpu_procs=4
[2026-09-18 01:16:09] waiting: free=3521MiB gpu_procs=4
[2026-09-18 01:17:09] waiting: free=3521MiB gpu_procs=4
[2026-09-18 01:17:09] waiting: free=3521MiB gpu_procs=4
[2026-09-18 01:18:09] waiting: free=3521MiB gpu_procs=4
[2026-09-18 01:18:09] waiting: free=3521MiB gpu_procs=4
[2026-09-18 01:19:09] waiting: free=3521MiB gpu_procs=4
[2026-09-18 01:19:09] waiting: free=3521MiB gpu_procs=4
[2026-09-18 01:20:10] waiting: free=3521MiB gpu_procs=4
[2026-09-18 01:20:10] waiting: free=3521MiB gpu_procs=4
[2026-09-18 01:21:10] waiting: free=3521MiB gpu_procs=4
[2026-09-18 01:21:10] waiting: free=3521MiB gpu_procs=4
[2026-09-18 01:22:10] waiting: free=3521MiB gpu_procs=4
[2026-09-18 01:22:10] waiting: free=3521MiB gpu_procs=4
[2026-09-18 01:23:10] waiting: free=3521MiB gpu_procs=4
[2026-09-18 01:23:10] waiting: free=3521MiB gpu_procs=4
[2026-09-18 01:24:10] waiting: free=3521MiB gpu_procs=4
[2026-09-18 01:24:10] waiting: free=3521MiB gpu_procs=4
[2026-09-18 01:25:10] waiting: free=3521MiB gpu_procs=4
[2026-09-18 01:25:10] waiting: free=3521MiB gpu_procs=4
[2026-09-18 01:26:10] waiting: free=3521MiB gpu_procs=4
[2026-09-18 01:26:10] waiting: free=3521MiB gpu_procs=4
[2026-09-18 01:27:10] waiting: free=3521MiB gpu_procs=4
[2026-09-18 01:27:10] waiting: free=3521MiB gpu_procs=4
[2026-09-18 01:28:10] waiting: free=3521MiB gpu_procs=4
[2026-09-18 01:28:10] waiting: free=3521MiB gpu_procs=4
[2026-09-18 01:29:10] waiting: free=3521MiB gpu_procs=4
[2026-09-18 01:29:10] waiting: free=3521MiB gpu_procs=4
[2026-09-18 01:30:10] waiting: free=3521MiB gpu_procs=4
[2026-09-18 01:30:10] waiting: free=3521MiB gpu_procs=4
[2026-09-18 01:31:11] waiting: free=3521MiB gpu_procs=4
[2026-09-18 01:31:11] waiting: free=3521MiB gpu_procs=4
[2026-09-18 01:32:11] waiting: free=3521MiB gpu_procs=4
[2026-09-18 01:32:11] waiting: free=3521MiB gpu_procs=4
[2026-09-18 01:33:11] waiting: free=3519MiB gpu_procs=4
[2026-09-18 01:33:11] waiting: free=3519MiB gpu_procs=4
[2026-09-18 01:34:11] waiting: free=3519MiB gpu_procs=4
[2026-09-18 01:34:11] waiting: free=3519MiB gpu_procs=4
[2026-09-18 01:35:11] waiting: free=3519MiB gpu_procs=4
[2026-09-18 01:35:11] waiting: free=3519MiB gpu_procs=4
[2026-09-18 01:36:11] waiting: free=3519MiB gpu_procs=4
[2026-09-18 01:36:11] waiting: free=3519MiB gpu_procs=4
[2026-09-18 01:37:11] waiting: free=3519MiB gpu_procs=4
[2026-09-18 01:37:11] waiting: free=3519MiB gpu_procs=4
[2026-09-18 01:38:11] waiting: free=3519MiB gpu_procs=4
[2026-09-18 01:38:11] waiting: free=3519MiB gpu_procs=4
[2026-09-18 01:39:11] waiting: free=3519MiB gpu_procs=4
[2026-09-18 01:39:11] waiting: free=3519MiB gpu_procs=4
[2026-09-18 01:40:11] waiting: free=3519MiB gpu_procs=4
[2026-09-18 01:40:11] waiting: free=3519MiB gpu_procs=4
[2026-09-18 01:41:11] waiting: free=3519MiB gpu_procs=4
[2026-09-18 01:41:11] waiting: free=3519MiB gpu_procs=4
[2026-09-18 01:42:12] waiting: free=3519MiB gpu_procs=4
[2026-09-18 01:42:12] waiting: free=3519MiB gpu_procs=4
[2026-09-18 01:43:12] waiting: free=3519MiB gpu_procs=4
[2026-09-18 01:43:12] waiting: free=3519MiB gpu_procs=4
[2026-09-18 01:44:12] waiting: free=3519MiB gpu_procs=4
[2026-09-18 01:44:12] waiting: free=3519MiB gpu_procs=4
[2026-09-18 01:45:12] waiting: free=3519MiB gpu_procs=4
[2026-09-18 01:45:12] waiting: free=3519MiB gpu_procs=4
[2026-09-18 01:46:12] waiting: free=3519MiB gpu_procs=4
[2026-09-18 01:46:12] waiting: free=3519MiB gpu_procs=4
[2026-09-18 01:47:12] waiting: free=3519MiB gpu_procs=4
[2026-09-18 01:47:12] waiting: free=3519MiB gpu_procs=4
[2026-09-18 01:48:12] waiting: free=3519MiB gpu_procs=4
[2026-09-18 01:48:12] waiting: free=3519MiB gpu_procs=4
[2026-09-18 01:49:12] waiting: free=3519MiB gpu_procs=4
[2026-09-18 01:49:12] waiting: free=3519MiB gpu_procs=4
[2026-09-18 01:50:12] waiting: free=3519MiB gpu_procs=4
[2026-09-18 01:50:12] waiting: free=3519MiB gpu_procs=4
[2026-09-18 01:51:12] waiting: free=3519MiB gpu_procs=4
[2026-09-18 01:51:12] waiting: free=3519MiB gpu_procs=4
[2026-09-18 01:52:13] waiting: free=3519MiB gpu_procs=4
[2026-09-18 01:52:13] waiting: free=3519MiB gpu_procs=4
[2026-09-18 01:53:13] waiting: free=3519MiB gpu_procs=4
[2026-09-18 01:53:13] waiting: free=3519MiB gpu_procs=4
[2026-09-18 01:54:13] waiting: free=3519MiB gpu_procs=4
[2026-09-18 01:54:13] waiting: free=3519MiB gpu_procs=4
[2026-09-18 01:55:13] waiting: free=3519MiB gpu_procs=4
[2026-09-18 01:55:13] waiting: free=3519MiB gpu_procs=4
[2026-09-18 01:56:13] waiting: free=3519MiB gpu_procs=4
[2026-09-18 01:56:13] waiting: free=3519MiB gpu_procs=4
[2026-09-18 01:57:13] waiting: free=3519MiB gpu_procs=4
[2026-09-18 01:57:13] waiting: free=3519MiB gpu_procs=4
[2026-09-18 01:58:13] waiting: free=3519MiB gpu_procs=4
[2026-09-18 01:58:13] waiting: free=3519MiB gpu_procs=4
[2026-09-18 01:59:13] waiting: free=3519MiB gpu_procs=4
[2026-09-18 01:59:13] waiting: free=3519MiB gpu_procs=4
[2026-09-18 02:00:13] waiting: free=3519MiB gpu_procs=4
[2026-09-18 02:00:13] waiting: free=3519MiB gpu_procs=4
[2026-09-18 02:01:13] waiting: free=3519MiB gpu_procs=4
[2026-09-18 02:01:13] waiting: free=3519MiB gpu_procs=4
[2026-09-18 02:02:13] waiting: free=3519MiB gpu_procs=4
[2026-09-18 02:02:13] waiting: free=3519MiB gpu_procs=4
[2026-09-18 02:03:14] waiting: free=3519MiB gpu_procs=4
[2026-09-18 02:03:14] waiting: free=3519MiB gpu_procs=4
[2026-09-18 02:04:14] waiting: free=3519MiB gpu_procs=4
[2026-09-18 02:04:14] waiting: free=3519MiB gpu_procs=4
[2026-09-18 02:05:14] waiting: free=3519MiB gpu_procs=4
[2026-09-18 02:05:14] waiting: free=3519MiB gpu_procs=4
[2026-09-18 02:06:14] waiting: free=3519MiB gpu_procs=4
[2026-09-18 02:06:14] waiting: free=3519MiB gpu_procs=4
[2026-09-18 02:07:14] waiting: free=3519MiB gpu_procs=4
[2026-09-18 02:07:14] waiting: free=3519MiB gpu_procs=4
[2026-09-18 02:08:14] waiting: free=3519MiB gpu_procs=4
[2026-09-18 02:08:14] waiting: free=3519MiB gpu_procs=4
[2026-09-18 02:09:14] waiting: free=3519MiB gpu_procs=4
[2026-09-18 02:09:14] waiting: free=3519MiB gpu_procs=4
[2026-09-18 02:10:14] waiting: free=3519MiB gpu_procs=4
[2026-09-18 02:10:14] waiting: free=3519MiB gpu_procs=4
[2026-09-18 02:11:14] waiting: free=3519MiB gpu_procs=4
[2026-09-18 02:11:14] waiting: free=3519MiB gpu_procs=4
[2026-09-18 02:12:15] waiting: free=3519MiB gpu_procs=4
[2026-09-18 02:12:15] waiting: free=3519MiB gpu_procs=4
[2026-09-18 02:13:15] waiting: free=3519MiB gpu_procs=4
[2026-09-18 02:13:15] waiting: free=3519MiB gpu_procs=4
[2026-09-18 02:14:15] waiting: free=3519MiB gpu_procs=4
[2026-09-18 02:14:15] waiting: free=3519MiB gpu_procs=4
[2026-09-18 02:15:15] waiting: free=3519MiB gpu_procs=4
[2026-09-18 02:15:15] waiting: free=3519MiB gpu_procs=4
[2026-09-18 02:16:15] waiting: free=3519MiB gpu_procs=4
[2026-09-18 02:16:15] waiting: free=3519MiB gpu_procs=4
[2026-09-18 02:17:15] waiting: free=3519MiB gpu_procs=4
[2026-09-18 02:17:15] waiting: free=3519MiB gpu_procs=4
[2026-09-18 02:18:15] waiting: free=3519MiB gpu_procs=4
[2026-09-18 02:18:15] waiting: free=3519MiB gpu_procs=4
[2026-09-18 02:19:15] waiting: free=3519MiB gpu_procs=4
[2026-09-18 02:19:15] waiting: free=3519MiB gpu_procs=4
[2026-09-18 02:20:15] waiting: free=3519MiB gpu_procs=4
[2026-09-18 02:20:15] waiting: free=3519MiB gpu_procs=4
[2026-09-18 02:21:15] waiting: free=3519MiB gpu_procs=4
[2026-09-18 02:21:15] waiting: free=3519MiB gpu_procs=4
[2026-09-18 02:22:15] waiting: free=3519MiB gpu_procs=4
[2026-09-18 02:22:15] waiting: free=3519MiB gpu_procs=4
[2026-09-18 02:23:16] waiting: free=3519MiB gpu_procs=4
[2026-09-18 02:23:16] waiting: free=3519MiB gpu_procs=4
[2026-09-18 02:24:16] waiting: free=3519MiB gpu_procs=4
[2026-09-18 02:24:16] waiting: free=3519MiB gpu_procs=4
[2026-09-18 02:25:16] waiting: free=3519MiB gpu_procs=4
[2026-09-18 02:25:16] waiting: free=3519MiB gpu_procs=4
[2026-09-18 02:26:16] waiting: free=3519MiB gpu_procs=4
[2026-09-18 02:26:16] waiting: free=3519MiB gpu_procs=4
[2026-09-18 02:27:16] waiting: free=3519MiB gpu_procs=4
[2026-09-18 02:27:16] waiting: free=3519MiB gpu_procs=4
[2026-09-18 02:28:16] waiting: free=3519MiB gpu_procs=4
[2026-09-18 02:28:16] waiting: free=3519MiB gpu_procs=4
[2026-09-18 02:29:16] waiting: free=3519MiB gpu_procs=4
[2026-09-18 02:29:16] waiting: free=3519MiB gpu_procs=4
[2026-09-18 02:30:16] waiting: free=3519MiB gpu_procs=4
[2026-09-18 02:30:16] waiting: free=3519MiB gpu_procs=4
[2026-09-18 02:31:16] waiting: free=3519MiB gpu_procs=4
[2026-09-18 02:31:16] waiting: free=3519MiB gpu_procs=4
[2026-09-18 02:32:16] waiting: free=3519MiB gpu_procs=4
[2026-09-18 02:32:16] waiting: free=3519MiB gpu_procs=4
[2026-09-18 02:33:17] waiting: free=3519MiB gpu_procs=4
[2026-09-18 02:33:17] waiting: free=3519MiB gpu_procs=4
[2026-09-18 02:34:17] waiting: free=3519MiB gpu_procs=4
[2026-09-18 02:34:17] waiting: free=3519MiB gpu_procs=4
[2026-09-18 02:35:17] waiting: free=3519MiB gpu_procs=4
[2026-09-18 02:35:17] waiting: free=3519MiB gpu_procs=4
[2026-09-18 02:36:17] waiting: free=3519MiB gpu_procs=4
[2026-09-18 02:36:17] waiting: free=3519MiB gpu_procs=4
[2026-09-18 02:37:17] waiting: free=3519MiB gpu_procs=4
[2026-09-18 02:37:17] waiting: free=3519MiB gpu_procs=4
[2026-09-18 02:38:17] waiting: free=3519MiB gpu_procs=4
[2026-09-18 02:38:17] waiting: free=3519MiB gpu_procs=4
[2026-09-18 02:39:17] waiting: free=3519MiB gpu_procs=4
[2026-09-18 02:39:17] waiting: free=3519MiB gpu_procs=4
[2026-09-18 02:40:17] waiting: free=3519MiB gpu_procs=4
[2026-09-18 02:40:17] waiting: free=3519MiB gpu_procs=4
[2026-09-18 02:41:17] waiting: free=3519MiB gpu_procs=4
[2026-09-18 02:41:17] waiting: free=3519MiB gpu_procs=4
[2026-09-18 02:42:17] waiting: free=3519MiB gpu_procs=4
[2026-09-18 02:42:17] waiting: free=3519MiB gpu_procs=4
[2026-09-18 02:43:18] waiting: free=3519MiB gpu_procs=4
[2026-09-18 02:43:18] waiting: free=3519MiB gpu_procs=4
[2026-09-18 02:44:18] waiting: free=3519MiB gpu_procs=4
[2026-09-18 02:44:18] waiting: free=3519MiB gpu_procs=4
[2026-09-18 02:45:18] waiting: free=3519MiB gpu_procs=4
[2026-09-18 02:45:18] waiting: free=3519MiB gpu_procs=4
[2026-09-18 02:46:18] waiting: free=3519MiB gpu_procs=4
[2026-09-18 02:46:18] waiting: free=3519MiB gpu_procs=4
[2026-09-18 02:47:18] waiting: free=3519MiB gpu_procs=4
[2026-09-18 02:47:18] waiting: free=3519MiB gpu_procs=4
[2026-09-18 02:48:18] waiting: free=3519MiB gpu_procs=4
[2026-09-18 02:48:18] waiting: free=3519MiB gpu_procs=4
[2026-09-18 02:49:18] waiting: free=3519MiB gpu_procs=4
[2026-09-18 02:49:18] waiting: free=3519MiB gpu_procs=4
[2026-09-18 02:50:18] waiting: free=3519MiB gpu_procs=4
[2026-09-18 02:50:18] waiting: free=3519MiB gpu_procs=4
[2026-09-18 02:51:18] waiting: free=3519MiB gpu_procs=4
[2026-09-18 02:51:18] waiting: free=3519MiB gpu_procs=4
[2026-09-18 02:52:18] waiting: free=3519MiB gpu_procs=4
[2026-09-18 02:52:18] waiting: free=3519MiB gpu_procs=4
[2026-09-18 02:53:18] waiting: free=3519MiB gpu_procs=4
[2026-09-18 02:53:18] waiting: free=3519MiB gpu_procs=4
[2026-09-18 02:54:19] waiting: free=3519MiB gpu_procs=4
[2026-09-18 02:54:19] waiting: free=3519MiB gpu_procs=4
[2026-09-18 02:55:19] waiting: free=3519MiB gpu_procs=4
[2026-09-18 02:55:19] waiting: free=3519MiB gpu_procs=4
[2026-09-18 02:56:19] waiting: free=3519MiB gpu_procs=4
[2026-09-18 02:56:19] waiting: free=3519MiB gpu_procs=4
[2026-09-18 02:57:19] waiting: free=3519MiB gpu_procs=4
[2026-09-18 02:57:19] waiting: free=3519MiB gpu_procs=4
[2026-09-18 02:58:19] waiting: free=3519MiB gpu_procs=4
[2026-09-18 02:58:19] waiting: free=3519MiB gpu_procs=4
[2026-09-18 02:59:19] waiting: free=3519MiB gpu_procs=4
[2026-09-18 02:59:19] waiting: free=3519MiB gpu_procs=4
[2026-09-18 03:00:19] waiting: free=3519MiB gpu_procs=4
[2026-09-18 03:00:19] waiting: free=3519MiB gpu_procs=4
[2026-09-18 03:01:19] waiting: free=3519MiB gpu_procs=4
[2026-09-18 03:01:19] waiting: free=3519MiB gpu_procs=4
[2026-09-18 03:02:19] waiting: free=3519MiB gpu_procs=4
[2026-09-18 03:02:19] waiting: free=3519MiB gpu_procs=4
[2026-09-18 03:03:20] waiting: free=3519MiB gpu_procs=4
[2026-09-18 03:03:20] waiting: free=3519MiB gpu_procs=4
[2026-09-18 03:04:20] waiting: free=3519MiB gpu_procs=4
[2026-09-18 03:04:20] waiting: free=3519MiB gpu_procs=4
[2026-09-18 03:05:20] waiting: free=3519MiB gpu_procs=4
[2026-09-18 03:05:20] waiting: free=3519MiB gpu_procs=4
[2026-09-18 03:06:20] waiting: free=3519MiB gpu_procs=4
[2026-09-18 03:06:20] waiting: free=3519MiB gpu_procs=4
[2026-09-18 03:07:20] waiting: free=3519MiB gpu_procs=4
[2026-09-18 03:07:20] waiting: free=3519MiB gpu_procs=4
[2026-09-18 03:08:20] waiting: free=3519MiB gpu_procs=4
[2026-09-18 03:08:20] waiting: free=3519MiB gpu_procs=4
[2026-09-18 03:09:20] waiting: free=3519MiB gpu_procs=4
[2026-09-18 03:09:20] waiting: free=3519MiB gpu_procs=4
[2026-09-18 03:10:20] waiting: free=3519MiB gpu_procs=4
[2026-09-18 03:10:20] waiting: free=3519MiB gpu_procs=4
[2026-09-18 03:11:20] waiting: free=3519MiB gpu_procs=4
[2026-09-18 03:11:20] waiting: free=3519MiB gpu_procs=4
[2026-09-18 03:12:21] waiting: free=3519MiB gpu_procs=4
[2026-09-18 03:12:21] waiting: free=3519MiB gpu_procs=4
[2026-09-18 03:13:21] waiting: free=3519MiB gpu_procs=4
[2026-09-18 03:13:21] waiting: free=3519MiB gpu_procs=4
[2026-09-18 03:14:21] waiting: free=3519MiB gpu_procs=4
[2026-09-18 03:14:21] waiting: free=3519MiB gpu_procs=4
[2026-09-18 03:15:21] waiting: free=3519MiB gpu_procs=4
[2026-09-18 03:15:21] waiting: free=3519MiB gpu_procs=4
[2026-09-18 03:16:21] waiting: free=3519MiB gpu_procs=4
[2026-09-18 03:16:21] waiting: free=3519MiB gpu_procs=4
[2026-09-18 03:17:21] waiting: free=3519MiB gpu_procs=4
[2026-09-18 03:17:21] waiting: free=3519MiB gpu_procs=4
[2026-09-18 03:18:21] waiting: free=3519MiB gpu_procs=4
[2026-09-18 03:18:21] waiting: free=3519MiB gpu_procs=4
[2026-09-18 03:19:21] waiting: free=3519MiB gpu_procs=4
[2026-09-18 03:19:21] waiting: free=3519MiB gpu_procs=4
[2026-09-18 03:20:21] waiting: free=3519MiB gpu_procs=4
[2026-09-18 03:20:21] waiting: free=3519MiB gpu_procs=4
[2026-09-18 03:21:21] waiting: free=3519MiB gpu_procs=4
[2026-09-18 03:21:21] waiting: free=3519MiB gpu_procs=4
[2026-09-18 03:22:22] waiting: free=3519MiB gpu_procs=4
[2026-09-18 03:22:22] waiting: free=3519MiB gpu_procs=4
[2026-09-18 03:23:22] waiting: free=3519MiB gpu_procs=4
[2026-09-18 03:23:22] waiting: free=3519MiB gpu_procs=4
[2026-09-18 03:24:22] waiting: free=3519MiB gpu_procs=4
[2026-09-18 03:24:22] waiting: free=3519MiB gpu_procs=4
[2026-09-18 03:25:22] waiting: free=3519MiB gpu_procs=4
[2026-09-18 03:25:22] waiting: free=3519MiB gpu_procs=4
[2026-09-18 03:26:22] waiting: free=3519MiB gpu_procs=4
[2026-09-18 03:26:22] waiting: free=3519MiB gpu_procs=4
[2026-09-18 03:27:22] waiting: free=3519MiB gpu_procs=4
[2026-09-18 03:27:22] waiting: free=3519MiB gpu_procs=4
[2026-09-18 03:28:22] waiting: free=3519MiB gpu_procs=4
[2026-09-18 03:28:22] waiting: free=3519MiB gpu_procs=4
[2026-09-18 03:29:22] waiting: free=3519MiB gpu_procs=4
[2026-09-18 03:29:22] waiting: free=3519MiB gpu_procs=4
[2026-09-18 03:30:23] waiting: free=3519MiB gpu_procs=4
[2026-09-18 03:30:23] waiting: free=3519MiB gpu_procs=4
[2026-09-18 03:31:23] waiting: free=3519MiB gpu_procs=4
[2026-09-18 03:31:23] waiting: free=3519MiB gpu_procs=4
[2026-09-18 03:32:23] waiting: free=3519MiB gpu_procs=4
[2026-09-18 03:32:23] waiting: free=3519MiB gpu_procs=4
[2026-09-18 03:33:23] waiting: free=3519MiB gpu_procs=4
[2026-09-18 03:33:23] waiting: free=3519MiB gpu_procs=4
[2026-09-18 03:34:23] waiting: free=3519MiB gpu_procs=4
[2026-09-18 03:34:23] waiting: free=3519MiB gpu_procs=4
[2026-09-18 03:35:23] waiting: free=3519MiB gpu_procs=4
[2026-09-18 03:35:23] waiting: free=3519MiB gpu_procs=4
[2026-09-18 03:36:23] waiting: free=3519MiB gpu_procs=4
[2026-09-18 03:36:23] waiting: free=3519MiB gpu_procs=4
[2026-09-18 03:37:23] waiting: free=3519MiB gpu_procs=4
[2026-09-18 03:37:23] waiting: free=3519MiB gpu_procs=4
[2026-09-18 03:38:23] waiting: free=3519MiB gpu_procs=4
[2026-09-18 03:38:23] waiting: free=3519MiB gpu_procs=4
[2026-09-18 03:39:24] waiting: free=3519MiB gpu_procs=4
[2026-09-18 03:39:24] waiting: free=3519MiB gpu_procs=4
[2026-09-18 03:40:24] waiting: free=3519MiB gpu_procs=4
[2026-09-18 03:40:24] waiting: free=3519MiB gpu_procs=4
[2026-09-18 03:41:24] waiting: free=3519MiB gpu_procs=4
[2026-09-18 03:41:24] waiting: free=3519MiB gpu_procs=4
[2026-09-18 03:42:24] waiting: free=3519MiB gpu_procs=4
[2026-09-18 03:42:24] waiting: free=3519MiB gpu_procs=4
[2026-09-18 03:43:24] waiting: free=3519MiB gpu_procs=4
[2026-09-18 03:43:24] waiting: free=3519MiB gpu_procs=4
[2026-09-18 03:44:24] waiting: free=3519MiB gpu_procs=4
[2026-09-18 03:44:24] waiting: free=3519MiB gpu_procs=4
[2026-09-18 03:45:24] waiting: free=3519MiB gpu_procs=4
[2026-09-18 03:45:24] waiting: free=3519MiB gpu_procs=4
[2026-09-18 03:46:24] waiting: free=3519MiB gpu_procs=4
[2026-09-18 03:46:24] waiting: free=3519MiB gpu_procs=4
[2026-09-18 03:47:24] waiting: free=3519MiB gpu_procs=4
[2026-09-18 03:47:24] waiting: free=3519MiB gpu_procs=4
[2026-09-18 03:48:24] waiting: free=3519MiB gpu_procs=4
[2026-09-18 03:48:24] waiting: free=3519MiB gpu_procs=4
[2026-09-18 03:49:25] waiting: free=3519MiB gpu_procs=4
[2026-09-18 03:49:25] waiting: free=3519MiB gpu_procs=4
[2026-09-18 03:50:25] waiting: free=3519MiB gpu_procs=4
[2026-09-18 03:50:25] waiting: free=3519MiB gpu_procs=4
[2026-09-18 03:51:25] waiting: free=3519MiB gpu_procs=4
[2026-09-18 03:51:25] waiting: free=3519MiB gpu_procs=4
[2026-09-18 03:52:25] waiting: free=3519MiB gpu_procs=4
[2026-09-18 03:52:25] waiting: free=3519MiB gpu_procs=4
[2026-09-18 03:53:25] waiting: free=3519MiB gpu_procs=4
[2026-09-18 03:53:25] waiting: free=3519MiB gpu_procs=4
[2026-09-18 03:54:25] waiting: free=3519MiB gpu_procs=4
[2026-09-18 03:54:25] waiting: free=3519MiB gpu_procs=4
[2026-09-18 03:55:25] waiting: free=3519MiB gpu_procs=4
[2026-09-18 03:55:25] waiting: free=3519MiB gpu_procs=4
[2026-09-18 03:56:25] waiting: free=3519MiB gpu_procs=4
[2026-09-18 03:56:25] waiting: free=3519MiB gpu_procs=4
[2026-09-18 03:57:25] waiting: free=3519MiB gpu_procs=4
[2026-09-18 03:57:25] waiting: free=3519MiB gpu_procs=4
[2026-09-18 03:58:25] waiting: free=3519MiB gpu_procs=4
[2026-09-18 03:58:25] waiting: free=3519MiB gpu_procs=4
[2026-09-18 03:59:26] waiting: free=3519MiB gpu_procs=4
[2026-09-18 03:59:26] waiting: free=3519MiB gpu_procs=4
[2026-09-18 04:00:26] waiting: free=3519MiB gpu_procs=4
[2026-09-18 04:00:26] waiting: free=3519MiB gpu_procs=4
[2026-09-18 04:01:26] waiting: free=3519MiB gpu_procs=4
[2026-09-18 04:01:26] waiting: free=3519MiB gpu_procs=4
[2026-09-18 04:02:26] waiting: free=3519MiB gpu_procs=4
[2026-09-18 04:02:26] waiting: free=3519MiB gpu_procs=4
[2026-09-18 04:03:26] waiting: free=3519MiB gpu_procs=4
[2026-09-18 04:03:26] waiting: free=3519MiB gpu_procs=4
[2026-09-18 04:04:26] waiting: free=3519MiB gpu_procs=4
[2026-09-18 04:04:26] waiting: free=3519MiB gpu_procs=4
[2026-09-18 04:05:26] waiting: free=3519MiB gpu_procs=4
[2026-09-18 04:05:26] waiting: free=3519MiB gpu_procs=4
[2026-09-18 04:06:26] waiting: free=3519MiB gpu_procs=4
[2026-09-18 04:06:26] waiting: free=3519MiB gpu_procs=4
[2026-09-18 04:07:26] waiting: free=3519MiB gpu_procs=4
[2026-09-18 04:07:26] waiting: free=3519MiB gpu_procs=4
[2026-09-18 04:08:27] waiting: free=3519MiB gpu_procs=4
[2026-09-18 04:08:27] waiting: free=3519MiB gpu_procs=4
[2026-09-18 04:09:27] waiting: free=3519MiB gpu_procs=4
[2026-09-18 04:09:27] waiting: free=3519MiB gpu_procs=4
[2026-09-18 04:10:27] waiting: free=3519MiB gpu_procs=4
[2026-09-18 04:10:27] waiting: free=3519MiB gpu_procs=4
[2026-09-18 04:11:27] waiting: free=3519MiB gpu_procs=4
[2026-09-18 04:11:27] waiting: free=3519MiB gpu_procs=4
[2026-09-18 04:12:27] waiting: free=3519MiB gpu_procs=4
[2026-09-18 04:12:27] waiting: free=3519MiB gpu_procs=4
[2026-09-18 04:13:27] waiting: free=3519MiB gpu_procs=4
[2026-09-18 04:13:27] waiting: free=3519MiB gpu_procs=4
[2026-09-18 04:14:27] waiting: free=3519MiB gpu_procs=4
[2026-09-18 04:14:27] waiting: free=3519MiB gpu_procs=4
[2026-09-18 04:15:27] waiting: free=3519MiB gpu_procs=4
[2026-09-18 04:15:27] waiting: free=3519MiB gpu_procs=4
[2026-09-18 04:16:27] waiting: free=3519MiB gpu_procs=4
[2026-09-18 04:16:27] waiting: free=3519MiB gpu_procs=4
[2026-09-18 04:17:27] waiting: free=3519MiB gpu_procs=4
[2026-09-18 04:17:27] waiting: free=3519MiB gpu_procs=4
[2026-09-18 04:18:27] waiting: free=3519MiB gpu_procs=4
[2026-09-18 04:18:27] waiting: free=3519MiB gpu_procs=4
[2026-09-18 04:19:28] waiting: free=3519MiB gpu_procs=4
[2026-09-18 04:19:28] waiting: free=3519MiB gpu_procs=4
[2026-09-18 04:20:28] waiting: free=3519MiB gpu_procs=4
[2026-09-18 04:20:28] waiting: free=3519MiB gpu_procs=4
[2026-09-18 04:21:28] waiting: free=3519MiB gpu_procs=4
[2026-09-18 04:21:28] waiting: free=3519MiB gpu_procs=4
[2026-09-18 04:22:28] waiting: free=3519MiB gpu_procs=4
[2026-09-18 04:22:28] waiting: free=3519MiB gpu_procs=4
[2026-09-18 04:23:28] waiting: free=3519MiB gpu_procs=4
[2026-09-18 04:23:28] waiting: free=3519MiB gpu_procs=4
[2026-09-18 04:24:28] waiting: free=3519MiB gpu_procs=4
[2026-09-18 04:24:28] waiting: free=3519MiB gpu_procs=4
[2026-09-18 04:25:28] waiting: free=3519MiB gpu_procs=4
[2026-09-18 04:25:28] waiting: free=3519MiB gpu_procs=4
[2026-09-18 04:26:28] waiting: free=3519MiB gpu_procs=4
[2026-09-18 04:26:28] waiting: free=3519MiB gpu_procs=4
[2026-09-18 04:27:28] waiting: free=3519MiB gpu_procs=4
[2026-09-18 04:27:28] waiting: free=3519MiB gpu_procs=4
[2026-09-18 04:28:28] waiting: free=3519MiB gpu_procs=4
[2026-09-18 04:28:28] waiting: free=3519MiB gpu_procs=4
[2026-09-18 04:29:28] waiting: free=3519MiB gpu_procs=4
[2026-09-18 04:29:28] waiting: free=3519MiB gpu_procs=4
[2026-09-18 04:30:29] waiting: free=3519MiB gpu_procs=4
[2026-09-18 04:30:29] waiting: free=3519MiB gpu_procs=4
[2026-09-18 04:31:29] waiting: free=3519MiB gpu_procs=4
[2026-09-18 04:31:29] waiting: free=3519MiB gpu_procs=4
[2026-09-18 04:32:29] waiting: free=3519MiB gpu_procs=4
[2026-09-18 04:32:29] waiting: free=3519MiB gpu_procs=4
[2026-09-18 04:33:29] waiting: free=3519MiB gpu_procs=4
[2026-09-18 04:33:29] waiting: free=3519MiB gpu_procs=4
[2026-09-18 04:34:29] waiting: free=3519MiB gpu_procs=4
[2026-09-18 04:34:29] waiting: free=3519MiB gpu_procs=4
[2026-09-18 04:35:29] waiting: free=3519MiB gpu_procs=4
[2026-09-18 04:35:29] waiting: free=3519MiB gpu_procs=4
[2026-09-18 04:36:29] waiting: free=3519MiB gpu_procs=4
[2026-09-18 04:36:29] waiting: free=3519MiB gpu_procs=4
[2026-09-18 04:37:29] waiting: free=3519MiB gpu_procs=4
[2026-09-18 04:37:29] waiting: free=3519MiB gpu_procs=4
[2026-09-18 04:38:29] waiting: free=3519MiB gpu_procs=4
[2026-09-18 04:38:29] waiting: free=3519MiB gpu_procs=4
[2026-09-18 04:39:29] waiting: free=3519MiB gpu_procs=4
[2026-09-18 04:39:29] waiting: free=3519MiB gpu_procs=4
[2026-09-18 04:40:30] waiting: free=3519MiB gpu_procs=4
[2026-09-18 04:40:30] waiting: free=3519MiB gpu_procs=4
[2026-09-18 04:41:30] waiting: free=3519MiB gpu_procs=4
[2026-09-18 04:41:30] waiting: free=3519MiB gpu_procs=4
[2026-09-18 04:42:30] waiting: free=3519MiB gpu_procs=4
[2026-09-18 04:42:30] waiting: free=3519MiB gpu_procs=4
[2026-09-18 04:43:30] waiting: free=3519MiB gpu_procs=4
[2026-09-18 04:43:30] waiting: free=3519MiB gpu_procs=4
[2026-09-18 04:44:30] waiting: free=3519MiB gpu_procs=4
[2026-09-18 04:44:30] waiting: free=3519MiB gpu_procs=4
[2026-09-18 04:45:30] waiting: free=3519MiB gpu_procs=4
[2026-09-18 04:45:30] waiting: free=3519MiB gpu_procs=4
[2026-09-18 04:46:30] waiting: free=3519MiB gpu_procs=4
[2026-09-18 04:46:30] waiting: free=3519MiB gpu_procs=4
[2026-09-18 04:47:30] waiting: free=3519MiB gpu_procs=4
[2026-09-18 04:47:30] waiting: free=3519MiB gpu_procs=4
[2026-09-18 04:48:30] waiting: free=3519MiB gpu_procs=4
[2026-09-18 04:48:30] waiting: free=3519MiB gpu_procs=4
[2026-09-18 04:49:30] waiting: free=3519MiB gpu_procs=4
[2026-09-18 04:49:30] waiting: free=3519MiB gpu_procs=4
[2026-09-18 04:50:31] waiting: free=3519MiB gpu_procs=4
[2026-09-18 04:50:31] waiting: free=3519MiB gpu_procs=4
[2026-09-18 04:51:31] waiting: free=3519MiB gpu_procs=4
[2026-09-18 04:51:31] waiting: free=3519MiB gpu_procs=4
[2026-09-18 04:52:31] waiting: free=3519MiB gpu_procs=4
[2026-09-18 04:52:31] waiting: free=3519MiB gpu_procs=4
[2026-09-18 04:53:31] waiting: free=3519MiB gpu_procs=4
[2026-09-18 04:53:31] waiting: free=3519MiB gpu_procs=4
[2026-09-18 04:54:31] waiting: free=3519MiB gpu_procs=4
[2026-09-18 04:54:31] waiting: free=3519MiB gpu_procs=4
[2026-09-18 04:55:31] waiting: free=3519MiB gpu_procs=4
[2026-09-18 04:55:31] waiting: free=3519MiB gpu_procs=4
[2026-09-18 04:56:31] waiting: free=3519MiB gpu_procs=4
[2026-09-18 04:56:31] waiting: free=3519MiB gpu_procs=4
[2026-09-18 04:57:31] waiting: free=3519MiB gpu_procs=4
[2026-09-18 04:57:31] waiting: free=3519MiB gpu_procs=4
[2026-09-18 04:58:31] waiting: free=3519MiB gpu_procs=4
[2026-09-18 04:58:31] waiting: free=3519MiB gpu_procs=4
[2026-09-18 04:59:31] waiting: free=3519MiB gpu_procs=4
[2026-09-18 04:59:31] waiting: free=3519MiB gpu_procs=4
[2026-09-18 05:00:31] waiting: free=3519MiB gpu_procs=4
[2026-09-18 05:00:31] waiting: free=3519MiB gpu_procs=4
[2026-09-18 05:01:32] waiting: free=3519MiB gpu_procs=4
[2026-09-18 05:01:32] waiting: free=3519MiB gpu_procs=4
[2026-09-18 05:02:32] waiting: free=3519MiB gpu_procs=4
[2026-09-18 05:02:32] waiting: free=3519MiB gpu_procs=4
[2026-09-18 05:03:32] waiting: free=3519MiB gpu_procs=4
[2026-09-18 05:03:32] waiting: free=3519MiB gpu_procs=4
[2026-09-18 05:04:32] waiting: free=3519MiB gpu_procs=4
[2026-09-18 05:04:32] waiting: free=3519MiB gpu_procs=4
[2026-09-18 05:05:32] waiting: free=3519MiB gpu_procs=4
[2026-09-18 05:05:32] waiting: free=3519MiB gpu_procs=4
[2026-09-18 05:06:32] waiting: free=3519MiB gpu_procs=4
[2026-09-18 05:06:32] waiting: free=3519MiB gpu_procs=4
[2026-09-18 05:07:32] waiting: free=3519MiB gpu_procs=4
[2026-09-18 05:07:32] waiting: free=3519MiB gpu_procs=4
[2026-09-18 05:08:32] waiting: free=3519MiB gpu_procs=4
[2026-09-18 05:08:32] waiting: free=3519MiB gpu_procs=4
[2026-09-18 05:09:32] waiting: free=3519MiB gpu_procs=4
[2026-09-18 05:09:32] waiting: free=3519MiB gpu_procs=4
[2026-09-18 05:10:32] waiting: free=3519MiB gpu_procs=4
[2026-09-18 05:10:32] waiting: free=3519MiB gpu_procs=4
[2026-09-18 05:11:33] waiting: free=3519MiB gpu_procs=4
[2026-09-18 05:11:33] waiting: free=3519MiB gpu_procs=4
[2026-09-18 05:12:33] waiting: free=3519MiB gpu_procs=4
[2026-09-18 05:12:33] waiting: free=3519MiB gpu_procs=4
[2026-09-18 05:13:33] waiting: free=3519MiB gpu_procs=4
[2026-09-18 05:13:33] waiting: free=3519MiB gpu_procs=4
[2026-09-18 05:14:33] waiting: free=3519MiB gpu_procs=4
[2026-09-18 05:14:33] waiting: free=3519MiB gpu_procs=4
[2026-09-18 05:15:33] waiting: free=3519MiB gpu_procs=4
[2026-09-18 05:15:33] waiting: free=3519MiB gpu_procs=4
[2026-09-18 05:16:33] waiting: free=3519MiB gpu_procs=4
[2026-09-18 05:16:33] waiting: free=3519MiB gpu_procs=4
[2026-09-18 05:17:33] waiting: free=3519MiB gpu_procs=4
[2026-09-18 05:17:33] waiting: free=3519MiB gpu_procs=4
[2026-09-18 05:18:33] waiting: free=3519MiB gpu_procs=4
[2026-09-18 05:18:33] waiting: free=3519MiB gpu_procs=4
[2026-09-18 05:19:33] waiting: free=3519MiB gpu_procs=4
[2026-09-18 05:19:33] waiting: free=3519MiB gpu_procs=4
[2026-09-18 05:20:33] waiting: free=3519MiB gpu_procs=4
[2026-09-18 05:20:33] waiting: free=3519MiB gpu_procs=4
[2026-09-18 05:21:34] waiting: free=3519MiB gpu_procs=4
[2026-09-18 05:21:34] waiting: free=3519MiB gpu_procs=4
[2026-09-18 05:22:34] waiting: free=3519MiB gpu_procs=4
[2026-09-18 05:22:34] waiting: free=3519MiB gpu_procs=4
[2026-09-18 05:23:34] waiting: free=3519MiB gpu_procs=4
[2026-09-18 05:23:34] waiting: free=3519MiB gpu_procs=4
[2026-09-18 05:24:34] waiting: free=3519MiB gpu_procs=4
[2026-09-18 05:24:34] waiting: free=3519MiB gpu_procs=4
[2026-09-18 05:25:34] waiting: free=3519MiB gpu_procs=4
[2026-09-18 05:25:34] waiting: free=3519MiB gpu_procs=4
[2026-09-18 05:26:34] waiting: free=3519MiB gpu_procs=4
[2026-09-18 05:26:34] waiting: free=3519MiB gpu_procs=4
[2026-09-18 05:27:34] waiting: free=3519MiB gpu_procs=4
[2026-09-18 05:27:34] waiting: free=3519MiB gpu_procs=4
[2026-09-18 05:28:34] waiting: free=3519MiB gpu_procs=4
[2026-09-18 05:28:34] waiting: free=3519MiB gpu_procs=4
[2026-09-18 05:29:34] waiting: free=3519MiB gpu_procs=4
[2026-09-18 05:29:34] waiting: free=3519MiB gpu_procs=4
[2026-09-18 05:30:34] waiting: free=3519MiB gpu_procs=4
[2026-09-18 05:30:34] waiting: free=3519MiB gpu_procs=4
[2026-09-18 05:31:35] waiting: free=3519MiB gpu_procs=4
[2026-09-18 05:31:35] waiting: free=3519MiB gpu_procs=4
[2026-09-18 05:32:35] waiting: free=3519MiB gpu_procs=4
[2026-09-18 05:32:35] waiting: free=3519MiB gpu_procs=4
[2026-09-18 05:33:35] waiting: free=3519MiB gpu_procs=4
[2026-09-18 05:33:35] waiting: free=3519MiB gpu_procs=4
[2026-09-18 05:34:35] waiting: free=3519MiB gpu_procs=4
[2026-09-18 05:34:35] waiting: free=3519MiB gpu_procs=4
[2026-09-18 05:35:35] waiting: free=3519MiB gpu_procs=4
[2026-09-18 05:35:35] waiting: free=3519MiB gpu_procs=4
[2026-09-18 05:36:35] waiting: free=3519MiB gpu_procs=4
[2026-09-18 05:36:35] waiting: free=3519MiB gpu_procs=4
[2026-09-18 05:37:35] waiting: free=3519MiB gpu_procs=4
[2026-09-18 05:37:35] waiting: free=3519MiB gpu_procs=4
[2026-09-18 05:38:35] waiting: free=3519MiB gpu_procs=4
[2026-09-18 05:38:35] waiting: free=3519MiB gpu_procs=4
[2026-09-18 05:39:35] waiting: free=3519MiB gpu_procs=4
[2026-09-18 05:39:35] waiting: free=3519MiB gpu_procs=4
[2026-09-18 05:40:36] waiting: free=3519MiB gpu_procs=4
[2026-09-18 05:40:36] waiting: free=3519MiB gpu_procs=4
[2026-09-18 05:41:36] waiting: free=3519MiB gpu_procs=4
[2026-09-18 05:41:36] waiting: free=3519MiB gpu_procs=4
[2026-09-18 05:42:36] waiting: free=3519MiB gpu_procs=4
[2026-09-18 05:42:36] waiting: free=3519MiB gpu_procs=4
[2026-09-18 05:43:36] waiting: free=3519MiB gpu_procs=4
[2026-09-18 05:43:36] waiting: free=3519MiB gpu_procs=4
[2026-09-18 05:44:36] waiting: free=3519MiB gpu_procs=4
[2026-09-18 05:44:36] waiting: free=3519MiB gpu_procs=4
[2026-09-18 05:45:36] waiting: free=3519MiB gpu_procs=4
[2026-09-18 05:45:36] waiting: free=3519MiB gpu_procs=4
[2026-09-18 05:46:36] waiting: free=3519MiB gpu_procs=4
[2026-09-18 05:46:36] waiting: free=3519MiB gpu_procs=4
[2026-09-18 05:47:36] waiting: free=3519MiB gpu_procs=4
[2026-09-18 05:47:36] waiting: free=3519MiB gpu_procs=4
[2026-09-18 05:48:36] waiting: free=3519MiB gpu_procs=4
[2026-09-18 05:48:36] waiting: free=3519MiB gpu_procs=4
[2026-09-18 05:49:36] waiting: free=3519MiB gpu_procs=4
[2026-09-18 05:49:36] waiting: free=3519MiB gpu_procs=4
[2026-09-18 05:50:36] waiting: free=3519MiB gpu_procs=4
[2026-09-18 05:50:36] waiting: free=3519MiB gpu_procs=4
[2026-09-18 05:51:37] waiting: free=3519MiB gpu_procs=4
[2026-09-18 05:51:37] waiting: free=3519MiB gpu_procs=4
[2026-09-18 05:52:37] waiting: free=3519MiB gpu_procs=4
[2026-09-18 05:52:37] waiting: free=3519MiB gpu_procs=4
[2026-09-18 05:53:37] waiting: free=3519MiB gpu_procs=4
[2026-09-18 05:53:37] waiting: free=3519MiB gpu_procs=4
[2026-09-18 05:54:37] waiting: free=3519MiB gpu_procs=4
[2026-09-18 05:54:37] waiting: free=3519MiB gpu_procs=4
[2026-09-18 05:55:37] waiting: free=3519MiB gpu_procs=4
[2026-09-18 05:55:37] waiting: free=3519MiB gpu_procs=4
[2026-09-18 05:56:37] waiting: free=3519MiB gpu_procs=4
[2026-09-18 05:56:37] waiting: free=3519MiB gpu_procs=4
[2026-09-18 05:57:37] waiting: free=3519MiB gpu_procs=4
[2026-09-18 05:57:37] waiting: free=3519MiB gpu_procs=4
[2026-09-18 05:58:37] waiting: free=3519MiB gpu_procs=4
[2026-09-18 05:58:37] waiting: free=3519MiB gpu_procs=4
[2026-09-18 05:59:38] waiting: free=3519MiB gpu_procs=4
[2026-09-18 05:59:38] waiting: free=3519MiB gpu_procs=4
[2026-09-18 06:00:38] waiting: free=3519MiB gpu_procs=4
[2026-09-18 06:00:38] waiting: free=3519MiB gpu_procs=4
[2026-09-18 06:01:38] waiting: free=3519MiB gpu_procs=4
[2026-09-18 06:01:38] waiting: free=3519MiB gpu_procs=4
[2026-09-18 06:02:38] waiting: free=3519MiB gpu_procs=4
[2026-09-18 06:02:38] waiting: free=3519MiB gpu_procs=4
[2026-09-18 06:03:38] waiting: free=3519MiB gpu_procs=4
[2026-09-18 06:03:38] waiting: free=3519MiB gpu_procs=4
[2026-09-18 06:04:38] waiting: free=3519MiB gpu_procs=4
[2026-09-18 06:04:38] waiting: free=3519MiB gpu_procs=4
[2026-09-18 06:05:38] waiting: free=3519MiB gpu_procs=4
[2026-09-18 06:05:38] waiting: free=3519MiB gpu_procs=4
[2026-09-18 06:06:38] waiting: free=3519MiB gpu_procs=4
[2026-09-18 06:06:38] waiting: free=3519MiB gpu_procs=4
[2026-09-18 06:07:38] waiting: free=3519MiB gpu_procs=4
[2026-09-18 06:07:38] waiting: free=3519MiB gpu_procs=4
[2026-09-18 06:08:38] waiting: free=3519MiB gpu_procs=4
[2026-09-18 06:08:38] waiting: free=3519MiB gpu_procs=4
[2026-09-18 06:09:38] waiting: free=3519MiB gpu_procs=4
[2026-09-18 06:09:38] waiting: free=3519MiB gpu_procs=4
[2026-09-18 06:10:39] waiting: free=3519MiB gpu_procs=4
[2026-09-18 06:10:39] waiting: free=3519MiB gpu_procs=4
[2026-09-18 06:11:39] waiting: free=3519MiB gpu_procs=4
[2026-09-18 06:11:39] waiting: free=3519MiB gpu_procs=4
[2026-09-18 06:12:39] waiting: free=3519MiB gpu_procs=4
[2026-09-18 06:12:39] waiting: free=3519MiB gpu_procs=4
[2026-09-18 06:13:39] waiting: free=3519MiB gpu_procs=4
[2026-09-18 06:13:39] waiting: free=3519MiB gpu_procs=4
[2026-09-18 06:14:39] waiting: free=3519MiB gpu_procs=4
[2026-09-18 06:14:39] waiting: free=3519MiB gpu_procs=4
[2026-09-18 06:15:39] waiting: free=3519MiB gpu_procs=4
[2026-09-18 06:15:39] waiting: free=3519MiB gpu_procs=4
[2026-09-18 06:16:39] waiting: free=3519MiB gpu_procs=4
[2026-09-18 06:16:39] waiting: free=3519MiB gpu_procs=4
[2026-09-18 06:17:39] waiting: free=3519MiB gpu_procs=4
[2026-09-18 06:17:39] waiting: free=3519MiB gpu_procs=4
[2026-09-18 06:18:39] waiting: free=3519MiB gpu_procs=4
[2026-09-18 06:18:39] waiting: free=3519MiB gpu_procs=4
[2026-09-18 06:19:39] waiting: free=3519MiB gpu_procs=4
[2026-09-18 06:19:39] waiting: free=3519MiB gpu_procs=4
[2026-09-18 06:20:40] waiting: free=3519MiB gpu_procs=4
[2026-09-18 06:20:40] waiting: free=3519MiB gpu_procs=4
[2026-09-18 06:21:40] waiting: free=3519MiB gpu_procs=4
[2026-09-18 06:21:40] waiting: free=3519MiB gpu_procs=4
[2026-09-18 06:22:40] waiting: free=3519MiB gpu_procs=4
[2026-09-18 06:22:40] waiting: free=3519MiB gpu_procs=4
[2026-09-18 06:23:40] waiting: free=3519MiB gpu_procs=4
[2026-09-18 06:23:40] waiting: free=3519MiB gpu_procs=4
[2026-09-18 06:24:40] waiting: free=3519MiB gpu_procs=4
[2026-09-18 06:24:40] waiting: free=3519MiB gpu_procs=4
[2026-09-18 06:25:40] waiting: free=3519MiB gpu_procs=4
[2026-09-18 06:25:40] waiting: free=3519MiB gpu_procs=4
[2026-09-18 06:26:40] waiting: free=3519MiB gpu_procs=4
[2026-09-18 06:26:40] waiting: free=3519MiB gpu_procs=4
[2026-09-18 06:27:40] waiting: free=3519MiB gpu_procs=4
[2026-09-18 06:27:40] waiting: free=3519MiB gpu_procs=4
[2026-09-18 06:28:40] waiting: free=3519MiB gpu_procs=4
[2026-09-18 06:28:40] waiting: free=3519MiB gpu_procs=4
[2026-09-18 06:29:40] waiting: free=3519MiB gpu_procs=4
[2026-09-18 06:29:40] waiting: free=3519MiB gpu_procs=4
[2026-09-18 06:30:40] waiting: free=3519MiB gpu_procs=4
[2026-09-18 06:30:40] waiting: free=3519MiB gpu_procs=4
[2026-09-18 06:31:41] waiting: free=3519MiB gpu_procs=4
[2026-09-18 06:31:41] waiting: free=3519MiB gpu_procs=4
[2026-09-18 06:32:41] waiting: free=3519MiB gpu_procs=4
[2026-09-18 06:32:41] waiting: free=3519MiB gpu_procs=4
[2026-09-18 06:33:41] waiting: free=3519MiB gpu_procs=4
[2026-09-18 06:33:41] waiting: free=3519MiB gpu_procs=4
[2026-09-18 06:34:41] waiting: free=3519MiB gpu_procs=4
[2026-09-18 06:34:41] waiting: free=3519MiB gpu_procs=4
[2026-09-18 06:35:41] waiting: free=3519MiB gpu_procs=4
[2026-09-18 06:35:41] waiting: free=3519MiB gpu_procs=4
[2026-09-18 06:36:41] waiting: free=3519MiB gpu_procs=4
[2026-09-18 06:36:41] waiting: free=3519MiB gpu_procs=4
[2026-09-18 06:37:41] waiting: free=3519MiB gpu_procs=4
[2026-09-18 06:37:41] waiting: free=3519MiB gpu_procs=4
[2026-09-18 06:38:41] waiting: free=3519MiB gpu_procs=4
[2026-09-18 06:38:41] waiting: free=3519MiB gpu_procs=4
[2026-09-18 06:39:41] waiting: free=3519MiB gpu_procs=4
[2026-09-18 06:39:41] waiting: free=3519MiB gpu_procs=4
[2026-09-18 06:40:42] waiting: free=3519MiB gpu_procs=4
[2026-09-18 06:40:42] waiting: free=3519MiB gpu_procs=4
[2026-09-18 06:41:42] waiting: free=3519MiB gpu_procs=4
[2026-09-18 06:41:42] waiting: free=3519MiB gpu_procs=4
[2026-09-18 06:42:42] waiting: free=3519MiB gpu_procs=4
[2026-09-18 06:42:42] waiting: free=3519MiB gpu_procs=4
[2026-09-18 06:43:42] waiting: free=3517MiB gpu_procs=4
[2026-09-18 06:43:42] waiting: free=3517MiB gpu_procs=4
[2026-09-18 06:44:42] waiting: free=3517MiB gpu_procs=4
[2026-09-18 06:44:42] waiting: free=3517MiB gpu_procs=4
[2026-09-18 06:45:42] waiting: free=3517MiB gpu_procs=4
[2026-09-18 06:45:42] waiting: free=3517MiB gpu_procs=4
[2026-09-18 06:46:42] waiting: free=3517MiB gpu_procs=4
[2026-09-18 06:46:42] waiting: free=3517MiB gpu_procs=4
[2026-09-18 06:47:42] waiting: free=3517MiB gpu_procs=4
[2026-09-18 06:47:42] waiting: free=3517MiB gpu_procs=4
[2026-09-18 06:48:42] waiting: free=3517MiB gpu_procs=4
[2026-09-18 06:48:42] waiting: free=3517MiB gpu_procs=4
[2026-09-18 06:49:42] waiting: free=3517MiB gpu_procs=4
[2026-09-18 06:49:42] waiting: free=3517MiB gpu_procs=4
[2026-09-18 06:50:42] waiting: free=3517MiB gpu_procs=4
[2026-09-18 06:50:42] waiting: free=3517MiB gpu_procs=4
[2026-09-18 06:51:43] waiting: free=3517MiB gpu_procs=4
[2026-09-18 06:51:43] waiting: free=3517MiB gpu_procs=4
[2026-09-18 06:52:43] waiting: free=3517MiB gpu_procs=4
[2026-09-18 06:52:43] waiting: free=3517MiB gpu_procs=4
[2026-09-18 06:53:43] waiting: free=3517MiB gpu_procs=4
[2026-09-18 06:53:43] waiting: free=3517MiB gpu_procs=4
[2026-09-18 06:54:43] waiting: free=3517MiB gpu_procs=4
[2026-09-18 06:54:43] waiting: free=3517MiB gpu_procs=4
[2026-09-18 06:55:43] waiting: free=3517MiB gpu_procs=4
[2026-09-18 06:55:43] waiting: free=3517MiB gpu_procs=4
[2026-09-18 06:56:43] waiting: free=3517MiB gpu_procs=4
[2026-09-18 06:56:43] waiting: free=3517MiB gpu_procs=4
[2026-09-18 06:57:43] waiting: free=3517MiB gpu_procs=4
[2026-09-18 06:57:43] waiting: free=3517MiB gpu_procs=4
[2026-09-18 06:58:43] waiting: free=3517MiB gpu_procs=4
[2026-09-18 06:58:43] waiting: free=3517MiB gpu_procs=4
[2026-09-18 06:59:43] waiting: free=3517MiB gpu_procs=4
[2026-09-18 06:59:43] waiting: free=3517MiB gpu_procs=4
[2026-09-18 07:00:43] waiting: free=3517MiB gpu_procs=4
[2026-09-18 07:00:43] waiting: free=3517MiB gpu_procs=4
[2026-09-18 07:01:44] waiting: free=3517MiB gpu_procs=4
[2026-09-18 07:01:44] waiting: free=3517MiB gpu_procs=4
[2026-09-18 07:02:44] waiting: free=3517MiB gpu_procs=4
[2026-09-18 07:02:44] waiting: free=3517MiB gpu_procs=4
[2026-09-18 07:03:44] waiting: free=3517MiB gpu_procs=4
[2026-09-18 07:03:44] waiting: free=3517MiB gpu_procs=4
[2026-09-18 07:04:44] waiting: free=3517MiB gpu_procs=4
[2026-09-18 07:04:44] waiting: free=3517MiB gpu_procs=4
[2026-09-18 07:05:44] waiting: free=3517MiB gpu_procs=4
[2026-09-18 07:05:44] waiting: free=3517MiB gpu_procs=4
[2026-09-18 07:06:44] waiting: free=3517MiB gpu_procs=4
[2026-09-18 07:06:44] waiting: free=3517MiB gpu_procs=4
[2026-09-18 07:07:44] waiting: free=3517MiB gpu_procs=4
[2026-09-18 07:07:44] waiting: free=3517MiB gpu_procs=4
[2026-09-18 07:08:44] waiting: free=3517MiB gpu_procs=4
[2026-09-18 07:08:44] waiting: free=3517MiB gpu_procs=4
[2026-09-18 07:09:44] waiting: free=3517MiB gpu_procs=4
[2026-09-18 07:09:44] waiting: free=3517MiB gpu_procs=4
[2026-09-18 07:10:44] waiting: free=3517MiB gpu_procs=4
[2026-09-18 07:10:44] waiting: free=3517MiB gpu_procs=4
[2026-09-18 07:11:45] waiting: free=3517MiB gpu_procs=4
[2026-09-18 07:11:45] waiting: free=3517MiB gpu_procs=4
[2026-09-18 07:12:45] waiting: free=3517MiB gpu_procs=4
[2026-09-18 07:12:45] waiting: free=3517MiB gpu_procs=4
[2026-09-18 07:13:45] waiting: free=3517MiB gpu_procs=4
[2026-09-18 07:13:45] waiting: free=3517MiB gpu_procs=4
[2026-09-18 07:14:45] waiting: free=3517MiB gpu_procs=4
[2026-09-18 07:14:45] waiting: free=3517MiB gpu_procs=4
[2026-09-18 07:15:45] waiting: free=3517MiB gpu_procs=4
[2026-09-18 07:15:45] waiting: free=3517MiB gpu_procs=4
[2026-09-18 07:16:45] waiting: free=3517MiB gpu_procs=4
[2026-09-18 07:16:45] waiting: free=3517MiB gpu_procs=4
[2026-09-18 07:17:45] waiting: free=3517MiB gpu_procs=4
[2026-09-18 07:17:45] waiting: free=3517MiB gpu_procs=4
[2026-09-18 07:18:45] waiting: free=3517MiB gpu_procs=4
[2026-09-18 07:18:45] waiting: free=3517MiB gpu_procs=4
[2026-09-18 07:19:45] waiting: free=3517MiB gpu_procs=4
[2026-09-18 07:19:45] waiting: free=3517MiB gpu_procs=4
[2026-09-18 07:20:45] waiting: free=3517MiB gpu_procs=4
[2026-09-18 07:20:45] waiting: free=3517MiB gpu_procs=4
[2026-09-18 07:21:46] waiting: free=3517MiB gpu_procs=4
[2026-09-18 07:21:46] waiting: free=3517MiB gpu_procs=4
[2026-09-18 07:22:46] waiting: free=3517MiB gpu_procs=4
[2026-09-18 07:22:46] waiting: free=3517MiB gpu_procs=4
[2026-09-18 07:23:46] waiting: free=3517MiB gpu_procs=4
[2026-09-18 07:23:46] waiting: free=3517MiB gpu_procs=4
[2026-09-18 07:24:46] waiting: free=3517MiB gpu_procs=4
[2026-09-18 07:24:46] waiting: free=3517MiB gpu_procs=4
[2026-09-18 07:25:46] waiting: free=3517MiB gpu_procs=4
[2026-09-18 07:25:46] waiting: free=3517MiB gpu_procs=4
[2026-09-18 07:26:46] waiting: free=3517MiB gpu_procs=4
[2026-09-18 07:26:46] waiting: free=3517MiB gpu_procs=4
[2026-09-18 07:27:46] waiting: free=3517MiB gpu_procs=4
[2026-09-18 07:27:46] waiting: free=3517MiB gpu_procs=4
[2026-09-18 07:28:46] waiting: free=3517MiB gpu_procs=4
[2026-09-18 07:28:46] waiting: free=3517MiB gpu_procs=4
[2026-09-18 07:29:46] waiting: free=3517MiB gpu_procs=4
[2026-09-18 07:29:46] waiting: free=3517MiB gpu_procs=4
[2026-09-18 07:30:46] waiting: free=3517MiB gpu_procs=4
[2026-09-18 07:30:46] waiting: free=3517MiB gpu_procs=4
[2026-09-18 07:31:47] waiting: free=3517MiB gpu_procs=4
[2026-09-18 07:31:47] waiting: free=3517MiB gpu_procs=4
[2026-09-18 07:32:47] waiting: free=3517MiB gpu_procs=4
[2026-09-18 07:32:47] waiting: free=3517MiB gpu_procs=4
[2026-09-18 07:33:47] waiting: free=3517MiB gpu_procs=4
[2026-09-18 07:33:47] waiting: free=3517MiB gpu_procs=4
[2026-09-18 07:34:47] waiting: free=3517MiB gpu_procs=4
[2026-09-18 07:34:47] waiting: free=3517MiB gpu_procs=4
[2026-09-18 07:35:47] waiting: free=3517MiB gpu_procs=4
[2026-09-18 07:35:47] waiting: free=3517MiB gpu_procs=4
[2026-09-18 07:36:47] waiting: free=3517MiB gpu_procs=4
[2026-09-18 07:36:47] waiting: free=3517MiB gpu_procs=4
[2026-09-18 07:37:47] waiting: free=3517MiB gpu_procs=4
[2026-09-18 07:37:47] waiting: free=3517MiB gpu_procs=4
[2026-09-18 07:38:47] waiting: free=3517MiB gpu_procs=4
[2026-09-18 07:38:47] waiting: free=3517MiB gpu_procs=4
[2026-09-18 07:39:47] waiting: free=3517MiB gpu_procs=4
[2026-09-18 07:39:47] waiting: free=3517MiB gpu_procs=4
[2026-09-18 07:40:47] waiting: free=3517MiB gpu_procs=4
[2026-09-18 07:40:47] waiting: free=3517MiB gpu_procs=4
[2026-09-18 07:41:48] waiting: free=3517MiB gpu_procs=4
[2026-09-18 07:41:48] waiting: free=3517MiB gpu_procs=4
[2026-09-18 07:42:48] waiting: free=3517MiB gpu_procs=4
[2026-09-18 07:42:48] waiting: free=3517MiB gpu_procs=4
[2026-09-18 07:43:48] waiting: free=3517MiB gpu_procs=4
[2026-09-18 07:43:48] waiting: free=3517MiB gpu_procs=4
[2026-09-18 07:44:48] waiting: free=3517MiB gpu_procs=4
[2026-09-18 07:44:48] waiting: free=3517MiB gpu_procs=4
[2026-09-18 07:45:48] waiting: free=3517MiB gpu_procs=4
[2026-09-18 07:45:48] waiting: free=3517MiB gpu_procs=4
[2026-09-18 07:46:48] waiting: free=3517MiB gpu_procs=4
[2026-09-18 07:46:48] waiting: free=3517MiB gpu_procs=4
[2026-09-18 07:47:48] waiting: free=3517MiB gpu_procs=4
[2026-09-18 07:47:48] waiting: free=3517MiB gpu_procs=4
[2026-09-18 07:48:48] waiting: free=3517MiB gpu_procs=4
[2026-09-18 07:48:48] waiting: free=3517MiB gpu_procs=4
[2026-09-18 07:49:48] waiting: free=3517MiB gpu_procs=4
[2026-09-18 07:49:48] waiting: free=3517MiB gpu_procs=4
[2026-09-18 07:50:48] waiting: free=3517MiB gpu_procs=4
[2026-09-18 07:50:48] waiting: free=3517MiB gpu_procs=4
[2026-09-18 07:51:49] waiting: free=3517MiB gpu_procs=4
[2026-09-18 07:51:49] waiting: free=3517MiB gpu_procs=4
[2026-09-18 07:52:49] waiting: free=3517MiB gpu_procs=4
[2026-09-18 07:52:49] waiting: free=3517MiB gpu_procs=4
[2026-09-18 07:53:49] waiting: free=3517MiB gpu_procs=4
[2026-09-18 07:53:49] waiting: free=3517MiB gpu_procs=4
[2026-09-18 07:54:49] waiting: free=3517MiB gpu_procs=4
[2026-09-18 07:54:49] waiting: free=3517MiB gpu_procs=4
[2026-09-18 07:55:49] waiting: free=3517MiB gpu_procs=4
[2026-09-18 07:55:49] waiting: free=3517MiB gpu_procs=4
[2026-09-18 07:56:49] waiting: free=3517MiB gpu_procs=4
[2026-09-18 07:56:49] waiting: free=3517MiB gpu_procs=4
[2026-09-18 07:57:49] waiting: free=3517MiB gpu_procs=4
[2026-09-18 07:57:49] waiting: free=3517MiB gpu_procs=4
[2026-09-18 07:58:49] waiting: free=3517MiB gpu_procs=4
[2026-09-18 07:58:49] waiting: free=3517MiB gpu_procs=4
[2026-09-18 07:59:49] waiting: free=3517MiB gpu_procs=4
[2026-09-18 07:59:49] waiting: free=3517MiB gpu_procs=4
[2026-09-18 08:00:49] waiting: free=3517MiB gpu_procs=4
[2026-09-18 08:00:49] waiting: free=3517MiB gpu_procs=4
[2026-09-18 08:01:50] waiting: free=3517MiB gpu_procs=4
[2026-09-18 08:01:50] waiting: free=3517MiB gpu_procs=4
[2026-09-18 08:02:50] waiting: free=3517MiB gpu_procs=4
[2026-09-18 08:02:50] waiting: free=3517MiB gpu_procs=4
[2026-09-18 08:03:50] waiting: free=3517MiB gpu_procs=4
[2026-09-18 08:03:50] waiting: free=3517MiB gpu_procs=4
[2026-09-18 08:04:50] waiting: free=3517MiB gpu_procs=4
[2026-09-18 08:04:50] waiting: free=3517MiB gpu_procs=4
[2026-09-18 08:05:50] waiting: free=3517MiB gpu_procs=4
[2026-09-18 08:05:50] waiting: free=3517MiB gpu_procs=4
[2026-09-18 08:06:50] waiting: free=3517MiB gpu_procs=4
[2026-09-18 08:06:50] waiting: free=3517MiB gpu_procs=4
[2026-09-18 08:07:50] waiting: free=3517MiB gpu_procs=4
[2026-09-18 08:07:50] waiting: free=3517MiB gpu_procs=4
[2026-09-18 08:08:50] waiting: free=3517MiB gpu_procs=4
[2026-09-18 08:08:50] waiting: free=3517MiB gpu_procs=4
[2026-09-18 08:09:50] waiting: free=3517MiB gpu_procs=4
[2026-09-18 08:09:50] waiting: free=3517MiB gpu_procs=4
[2026-09-18 08:10:50] waiting: free=3517MiB gpu_procs=4
[2026-09-18 08:10:50] waiting: free=3517MiB gpu_procs=4
[2026-09-18 08:11:51] waiting: free=3517MiB gpu_procs=4
[2026-09-18 08:11:51] waiting: free=3517MiB gpu_procs=4
[2026-09-18 08:12:51] waiting: free=3517MiB gpu_procs=4
[2026-09-18 08:12:51] waiting: free=3517MiB gpu_procs=4
[2026-09-18 08:13:51] waiting: free=3517MiB gpu_procs=4
[2026-09-18 08:13:51] waiting: free=3517MiB gpu_procs=4
[2026-09-18 08:14:51] waiting: free=3517MiB gpu_procs=4
[2026-09-18 08:14:51] waiting: free=3517MiB gpu_procs=4
[2026-09-18 08:15:51] waiting: free=3517MiB gpu_procs=4
[2026-09-18 08:15:51] waiting: free=3517MiB gpu_procs=4
[2026-09-18 08:16:51] waiting: free=3517MiB gpu_procs=4
[2026-09-18 08:16:51] waiting: free=3517MiB gpu_procs=4
[2026-09-18 08:17:51] waiting: free=3517MiB gpu_procs=4
[2026-09-18 08:17:51] waiting: free=3517MiB gpu_procs=4
[2026-09-18 08:18:51] waiting: free=3517MiB gpu_procs=4
[2026-09-18 08:18:51] waiting: free=3517MiB gpu_procs=4
[2026-09-18 08:19:51] waiting: free=3517MiB gpu_procs=4
[2026-09-18 08:19:51] waiting: free=3517MiB gpu_procs=4
[2026-09-18 08:20:51] waiting: free=3517MiB gpu_procs=4
[2026-09-18 08:20:51] waiting: free=3517MiB gpu_procs=4
[2026-09-18 08:21:52] waiting: free=3517MiB gpu_procs=4
[2026-09-18 08:21:52] waiting: free=3517MiB gpu_procs=4
[2026-09-18 08:22:52] waiting: free=3517MiB gpu_procs=4
[2026-09-18 08:22:52] waiting: free=3517MiB gpu_procs=4
[2026-09-18 08:23:52] waiting: free=3517MiB gpu_procs=4
[2026-09-18 08:23:52] waiting: free=3517MiB gpu_procs=4
[2026-09-18 08:24:52] waiting: free=3517MiB gpu_procs=4
[2026-09-18 08:24:52] waiting: free=3517MiB gpu_procs=4
[2026-09-18 08:25:52] waiting: free=3517MiB gpu_procs=4
[2026-09-18 08:25:52] waiting: free=3517MiB gpu_procs=4
[2026-09-18 08:26:52] waiting: free=3517MiB gpu_procs=4
[2026-09-18 08:26:52] waiting: free=3517MiB gpu_procs=4
[2026-09-18 08:27:52] waiting: free=3517MiB gpu_procs=4
[2026-09-18 08:27:52] waiting: free=3517MiB gpu_procs=4
[2026-09-18 08:28:52] waiting: free=3517MiB gpu_procs=4
[2026-09-18 08:28:52] waiting: free=3517MiB gpu_procs=4
[2026-09-18 08:29:52] waiting: free=3517MiB gpu_procs=4
[2026-09-18 08:29:52] waiting: free=3517MiB gpu_procs=4
[2026-09-18 08:30:52] waiting: free=3517MiB gpu_procs=4
[2026-09-18 08:30:52] waiting: free=3517MiB gpu_procs=4
[2026-09-18 08:31:53] waiting: free=3517MiB gpu_procs=4
[2026-09-18 08:31:53] waiting: free=3517MiB gpu_procs=4
[2026-09-18 08:32:53] waiting: free=3517MiB gpu_procs=4
[2026-09-18 08:32:53] waiting: free=3517MiB gpu_procs=4
[2026-09-18 08:33:53] waiting: free=3517MiB gpu_procs=4
[2026-09-18 08:33:53] waiting: free=3517MiB gpu_procs=4
[2026-09-18 08:34:53] waiting: free=3517MiB gpu_procs=4
[2026-09-18 08:34:53] waiting: free=3517MiB gpu_procs=4
[2026-09-18 08:35:53] waiting: free=3517MiB gpu_procs=4
[2026-09-18 08:35:53] waiting: free=3517MiB gpu_procs=4
[2026-09-18 08:36:53] waiting: free=3517MiB gpu_procs=4
[2026-09-18 08:36:53] waiting: free=3517MiB gpu_procs=4
[2026-09-18 08:37:53] waiting: free=3517MiB gpu_procs=4
[2026-09-18 08:37:53] waiting: free=3517MiB gpu_procs=4
[2026-09-18 08:38:53] waiting: free=3517MiB gpu_procs=4
[2026-09-18 08:38:53] waiting: free=3517MiB gpu_procs=4
[2026-09-18 08:39:53] waiting: free=3517MiB gpu_procs=4
[2026-09-18 08:39:53] waiting: free=3517MiB gpu_procs=4
[2026-09-18 08:40:53] waiting: free=3517MiB gpu_procs=4
[2026-09-18 08:40:53] waiting: free=3517MiB gpu_procs=4
[2026-09-18 08:41:53] waiting: free=3517MiB gpu_procs=4
[2026-09-18 08:41:53] waiting: free=3517MiB gpu_procs=4
[2026-09-18 08:42:54] waiting: free=3517MiB gpu_procs=4
[2026-09-18 08:42:54] waiting: free=3517MiB gpu_procs=4
[2026-09-18 08:43:54] waiting: free=3517MiB gpu_procs=4
[2026-09-18 08:43:54] waiting: free=3517MiB gpu_procs=4
[2026-09-18 08:44:54] waiting: free=3517MiB gpu_procs=4
[2026-09-18 08:44:54] waiting: free=3517MiB gpu_procs=4
[2026-09-18 08:45:54] waiting: free=3517MiB gpu_procs=4
[2026-09-18 08:45:54] waiting: free=3517MiB gpu_procs=4
[2026-09-18 08:46:54] waiting: free=3517MiB gpu_procs=4
[2026-09-18 08:46:54] waiting: free=3517MiB gpu_procs=4
[2026-09-18 08:47:54] waiting: free=3517MiB gpu_procs=4
[2026-09-18 08:47:54] waiting: free=3517MiB gpu_procs=4
[2026-09-18 08:48:54] waiting: free=3517MiB gpu_procs=4
[2026-09-18 08:48:54] waiting: free=3517MiB gpu_procs=4
[2026-09-18 08:49:54] waiting: free=3517MiB gpu_procs=4
[2026-09-18 08:49:54] waiting: free=3517MiB gpu_procs=4
[2026-09-18 08:50:55] waiting: free=3517MiB gpu_procs=4
[2026-09-18 08:50:55] waiting: free=3517MiB gpu_procs=4
[2026-09-18 08:51:55] waiting: free=3517MiB gpu_procs=4
[2026-09-18 08:51:55] waiting: free=3517MiB gpu_procs=4
[2026-09-18 08:52:55] waiting: free=3517MiB gpu_procs=4
[2026-09-18 08:52:55] waiting: free=3517MiB gpu_procs=4
[2026-09-18 08:53:55] waiting: free=3517MiB gpu_procs=4
[2026-09-18 08:53:55] waiting: free=3517MiB gpu_procs=4
[2026-09-18 08:54:55] waiting: free=3517MiB gpu_procs=4
[2026-09-18 08:54:55] waiting: free=3517MiB gpu_procs=4
[2026-09-18 08:55:55] waiting: free=6622MiB gpu_procs=3
[2026-09-18 08:55:55] waiting: free=6622MiB gpu_procs=3
[2026-09-18 08:56:10] capacity OK (free=6622MiB); launching labelhead + separation
[2026-09-18 08:56:10] capacity OK (free=6622MiB); launching labelhead + separation
[2026-09-18 08:56:10] started labelhead PID=4177858 run_id=bc_targets_labelhead_20260917_222624_3547901
[2026-09-18 08:56:10] started labelhead PID=4177858 run_id=bc_targets_labelhead_20260917_222624_3547901
[2026-09-18 08:56:10] started separation PID=4177862 run_id=bc_targets_separation_20260917_222624_3547901
[2026-09-18 08:56:10] started separation PID=4177862 run_id=bc_targets_separation_20260917_222624_3547901
[2026-09-18 08:56:10] queued pair launched
[2026-09-18 08:56:10] queued pair launched
